Archive member included because of file (symbol)

C:/NXP/S32DS_ARM_v2.0/S32DS/arm_ewl2/lib/armv7e-m\libc99.a(exit.o)
                              C:/NXP/S32DS_ARM_v2.0/S32DS/arm_ewl2/lib/armv7e-m/__arm_start.o (exit)
C:/NXP/S32DS_ARM_v2.0/S32DS/arm_ewl2/lib/armv7e-m\libc99.a(memset.o)
                              C:/NXP/S32DS_ARM_v2.0/S32DS/arm_ewl2/lib/armv7e-m/__arm_start.o (memset)
C:/NXP/S32DS_ARM_v2.0/S32DS/arm_ewl2/lib/armv7e-m\libc99.a(__filll_mem.o)
                              C:/NXP/S32DS_ARM_v2.0/S32DS/arm_ewl2/lib/armv7e-m\libc99.a(memset.o) (__fill_mem)
C:/NXP/S32DS_ARM_v2.0/S32DS/arm_ewl2/lib/armv7e-m\librt.a(gcc_ctor_dtor.o)
                              C:/NXP/S32DS_ARM_v2.0/S32DS/arm_ewl2/lib/armv7e-m/__arm_start.o (__init_cpp)
C:/NXP/S32DS_ARM_v2.0/S32DS/arm_ewl2/lib/armv7e-m\librt.a(__arm_eabi_init.o)
                              C:/NXP/S32DS_ARM_v2.0/S32DS/arm_ewl2/lib/armv7e-m\libc99.a(exit.o) (__destroy_global_chain)
C:/NXP/S32DS_ARM_v2.0/S32DS/arm_ewl2/lib/armv7e-m\librt.a(ROMCopy.o)
                              C:/NXP/S32DS_ARM_v2.0/S32DS/arm_ewl2/lib/armv7e-m/__arm_start.o (__copy_rom_sections_to_ram)

Allocating common symbols
Common symbol       size              file

GlbPit0Callback     0x4               ./Src/Bsw/Mcal/Lpit/Lpit.o
GlbSchMConfig       0x4               ./Src/Bsw/Services/SchM/SchM.o
SchM_TaskControlBlock
                    0x6               ./Src/Bsw/Services/SchM/SchM.o
SchM_SchedulerStatus
                    0x4               ./Src/Bsw/Services/SchM/SchM.o

Discarded input sections

 .text          0x00000000        0x0 C:/NXP/S32DS_ARM_v2.0/S32DS/arm_ewl2/lib/armv7e-m/__arm_start.o
 .data          0x00000000        0x0 C:/NXP/S32DS_ARM_v2.0/S32DS/arm_ewl2/lib/armv7e-m/__arm_start.o
 .bss           0x00000000        0x0 C:/NXP/S32DS_ARM_v2.0/S32DS/arm_ewl2/lib/armv7e-m/__arm_start.o
 .text.__thumb_startup
                0x00000000       0x3c C:/NXP/S32DS_ARM_v2.0/S32DS/arm_ewl2/lib/armv7e-m/__arm_start.o
 .text.__iar_program_start
                0x00000000        0x4 C:/NXP/S32DS_ARM_v2.0/S32DS/arm_ewl2/lib/armv7e-m/__arm_start.o
 .bss.argv      0x00000000        0x4 C:/NXP/S32DS_ARM_v2.0/S32DS/arm_ewl2/lib/armv7e-m/__arm_start.o
 .debug_info    0x00000000      0x144 C:/NXP/S32DS_ARM_v2.0/S32DS/arm_ewl2/lib/armv7e-m/__arm_start.o
 .debug_abbrev  0x00000000       0xc0 C:/NXP/S32DS_ARM_v2.0/S32DS/arm_ewl2/lib/armv7e-m/__arm_start.o
 .debug_aranges
                0x00000000       0x28 C:/NXP/S32DS_ARM_v2.0/S32DS/arm_ewl2/lib/armv7e-m/__arm_start.o
 .debug_line    0x00000000       0x68 C:/NXP/S32DS_ARM_v2.0/S32DS/arm_ewl2/lib/armv7e-m/__arm_start.o
 .debug_str     0x00000000      0x270 C:/NXP/S32DS_ARM_v2.0/S32DS/arm_ewl2/lib/armv7e-m/__arm_start.o
 .comment       0x00000000       0x71 C:/NXP/S32DS_ARM_v2.0/S32DS/arm_ewl2/lib/armv7e-m/__arm_start.o
 .debug_frame   0x00000000       0x30 C:/NXP/S32DS_ARM_v2.0/S32DS/arm_ewl2/lib/armv7e-m/__arm_start.o
 .ARM.attributes
                0x00000000       0x33 C:/NXP/S32DS_ARM_v2.0/S32DS/arm_ewl2/lib/armv7e-m/__arm_start.o
 .group         0x00000000        0x8 ./Src/Bsw/Services/SchM/SchM_Tasks.o
 .group         0x00000000        0x8 ./Src/Bsw/Services/SchM/SchM_Tasks.o
 .group         0x00000000        0x8 ./Src/Bsw/Services/SchM/SchM_Tasks.o
 .group         0x00000000        0x8 ./Src/Bsw/Services/SchM/SchM_Tasks.o
 .group         0x00000000        0x8 ./Src/Bsw/Services/SchM/SchM_Tasks.o
 .group         0x00000000        0x8 ./Src/Bsw/Services/SchM/SchM_Tasks.o
 .group         0x00000000        0x8 ./Src/Bsw/Services/SchM/SchM_Tasks.o
 .group         0x00000000        0x8 ./Src/Bsw/Services/SchM/SchM_Tasks.o
 .group         0x00000000        0x8 ./Src/Bsw/Services/SchM/SchM_Tasks.o
 .group         0x00000000        0x8 ./Src/Bsw/Services/SchM/SchM_Tasks.o
 .group         0x00000000        0x8 ./Src/Bsw/Services/SchM/SchM_Tasks.o
 .group         0x00000000        0x8 ./Src/Bsw/Services/SchM/SchM_Tasks.o
 .group         0x00000000        0x8 ./Src/Bsw/Services/SchM/SchM_Tasks.o
 .text          0x00000000        0x0 ./Src/Bsw/Services/SchM/SchM_Tasks.o
 .data          0x00000000        0x0 ./Src/Bsw/Services/SchM/SchM_Tasks.o
 .bss           0x00000000        0x0 ./Src/Bsw/Services/SchM/SchM_Tasks.o
 .text.SchM_6p25ms_Task
                0x00000000       0x2c ./Src/Bsw/Services/SchM/SchM_Tasks.o
 .text.SchM_12p5ms_Task
                0x00000000       0x2c ./Src/Bsw/Services/SchM/SchM_Tasks.o
 .text.SchM_25ms_Task
                0x00000000       0x2c ./Src/Bsw/Services/SchM/SchM_Tasks.o
 .text.SchM_50ms_Task
                0x00000000       0x2c ./Src/Bsw/Services/SchM/SchM_Tasks.o
 .text.SchM_100ms_Task
                0x00000000       0x2c ./Src/Bsw/Services/SchM/SchM_Tasks.o
 .bss.counter.4157
                0x00000000        0x4 ./Src/Bsw/Services/SchM/SchM_Tasks.o
 .bss.counter.4164
                0x00000000        0x4 ./Src/Bsw/Services/SchM/SchM_Tasks.o
 .bss.counter.4171
                0x00000000        0x4 ./Src/Bsw/Services/SchM/SchM_Tasks.o
 .bss.counter.4178
                0x00000000        0x4 ./Src/Bsw/Services/SchM/SchM_Tasks.o
 .bss.counter.4185
                0x00000000        0x4 ./Src/Bsw/Services/SchM/SchM_Tasks.o
 .group         0x00000000        0x8 ./Src/Bsw/Services/SchM/SchM_Cfg.o
 .group         0x00000000        0x8 ./Src/Bsw/Services/SchM/SchM_Cfg.o
 .group         0x00000000        0x8 ./Src/Bsw/Services/SchM/SchM_Cfg.o
 .group         0x00000000        0x8 ./Src/Bsw/Services/SchM/SchM_Cfg.o
 .group         0x00000000        0x8 ./Src/Bsw/Services/SchM/SchM_Cfg.o
 .group         0x00000000        0x8 ./Src/Bsw/Services/SchM/SchM_Cfg.o
 .group         0x00000000        0x8 ./Src/Bsw/Services/SchM/SchM_Cfg.o
 .group         0x00000000        0x8 ./Src/Bsw/Services/SchM/SchM_Cfg.o
 .group         0x00000000        0x8 ./Src/Bsw/Services/SchM/SchM_Cfg.o
 .group         0x00000000        0x8 ./Src/Bsw/Services/SchM/SchM_Cfg.o
 .group         0x00000000        0x8 ./Src/Bsw/Services/SchM/SchM_Cfg.o
 .group         0x00000000        0x8 ./Src/Bsw/Services/SchM/SchM_Cfg.o
 .group         0x00000000        0x8 ./Src/Bsw/Services/SchM/SchM_Cfg.o
 .group         0x00000000        0x8 ./Src/Bsw/Services/SchM/SchM_Cfg.o
 .text          0x00000000        0x0 ./Src/Bsw/Services/SchM/SchM_Cfg.o
 .data          0x00000000        0x0 ./Src/Bsw/Services/SchM/SchM_Cfg.o
 .bss           0x00000000        0x0 ./Src/Bsw/Services/SchM/SchM_Cfg.o
 .debug_macro   0x00000000      0x868 ./Src/Bsw/Services/SchM/SchM_Cfg.o
 .debug_macro   0x00000000       0x52 ./Src/Bsw/Services/SchM/SchM_Cfg.o
 .debug_macro   0x00000000       0xa0 ./Src/Bsw/Services/SchM/SchM_Cfg.o
 .debug_macro   0x00000000       0x16 ./Src/Bsw/Services/SchM/SchM_Cfg.o
 .debug_macro   0x00000000       0x64 ./Src/Bsw/Services/SchM/SchM_Cfg.o
 .debug_macro   0x00000000      0x185 ./Src/Bsw/Services/SchM/SchM_Cfg.o
 .debug_macro   0x00000000      0x140 ./Src/Bsw/Services/SchM/SchM_Cfg.o
 .debug_macro   0x00000000       0x9d ./Src/Bsw/Services/SchM/SchM_Cfg.o
 .debug_macro   0x00000000       0x10 ./Src/Bsw/Services/SchM/SchM_Cfg.o
 .debug_macro   0x00000000      0x15b ./Src/Bsw/Services/SchM/SchM_Cfg.o
 .debug_macro   0x00000000       0x28 ./Src/Bsw/Services/SchM/SchM_Cfg.o
 .debug_macro   0x00000000       0x58 ./Src/Bsw/Services/SchM/SchM_Cfg.o
 .group         0x00000000        0x8 ./Src/Bsw/Services/SchM/SchM.o
 .group         0x00000000        0x8 ./Src/Bsw/Services/SchM/SchM.o
 .group         0x00000000        0x8 ./Src/Bsw/Services/SchM/SchM.o
 .group         0x00000000        0x8 ./Src/Bsw/Services/SchM/SchM.o
 .group         0x00000000        0x8 ./Src/Bsw/Services/SchM/SchM.o
 .group         0x00000000        0x8 ./Src/Bsw/Services/SchM/SchM.o
 .group         0x00000000        0x8 ./Src/Bsw/Services/SchM/SchM.o
 .group         0x00000000        0x8 ./Src/Bsw/Services/SchM/SchM.o
 .group         0x00000000        0x8 ./Src/Bsw/Services/SchM/SchM.o
 .group         0x00000000        0x8 ./Src/Bsw/Services/SchM/SchM.o
 .group         0x00000000        0x8 ./Src/Bsw/Services/SchM/SchM.o
 .group         0x00000000        0x8 ./Src/Bsw/Services/SchM/SchM.o
 .group         0x00000000        0x8 ./Src/Bsw/Services/SchM/SchM.o
 .group         0x00000000        0x8 ./Src/Bsw/Services/SchM/SchM.o
 .group         0x00000000        0x8 ./Src/Bsw/Services/SchM/SchM.o
 .group         0x00000000        0x8 ./Src/Bsw/Services/SchM/SchM.o
 .text          0x00000000        0x0 ./Src/Bsw/Services/SchM/SchM.o
 .data          0x00000000        0x0 ./Src/Bsw/Services/SchM/SchM.o
 .bss           0x00000000        0x0 ./Src/Bsw/Services/SchM/SchM.o
 .bss.OsTickCounter
                0x00000000        0x4 ./Src/Bsw/Services/SchM/SchM.o
 .text.SchM_Stop
                0x00000000        0xc ./Src/Bsw/Services/SchM/SchM.o
 .debug_macro   0x00000000      0x868 ./Src/Bsw/Services/SchM/SchM.o
 .debug_macro   0x00000000       0x52 ./Src/Bsw/Services/SchM/SchM.o
 .debug_macro   0x00000000       0xa0 ./Src/Bsw/Services/SchM/SchM.o
 .debug_macro   0x00000000       0x16 ./Src/Bsw/Services/SchM/SchM.o
 .debug_macro   0x00000000       0x64 ./Src/Bsw/Services/SchM/SchM.o
 .debug_macro   0x00000000      0x185 ./Src/Bsw/Services/SchM/SchM.o
 .debug_macro   0x00000000      0x140 ./Src/Bsw/Services/SchM/SchM.o
 .debug_macro   0x00000000       0x9d ./Src/Bsw/Services/SchM/SchM.o
 .debug_macro   0x00000000       0x10 ./Src/Bsw/Services/SchM/SchM.o
 .debug_macro   0x00000000      0x15b ./Src/Bsw/Services/SchM/SchM.o
 .debug_macro   0x00000000       0x28 ./Src/Bsw/Services/SchM/SchM.o
 .debug_macro   0x00000000       0x58 ./Src/Bsw/Services/SchM/SchM.o
 .debug_macro   0x00000000       0x3a ./Src/Bsw/Services/SchM/SchM.o
 .group         0x00000000        0x8 ./Src/Bsw/Mcal/Wdog/Wdog.o
 .group         0x00000000        0x8 ./Src/Bsw/Mcal/Wdog/Wdog.o
 .group         0x00000000        0x8 ./Src/Bsw/Mcal/Wdog/Wdog.o
 .group         0x00000000        0x8 ./Src/Bsw/Mcal/Wdog/Wdog.o
 .group         0x00000000        0x8 ./Src/Bsw/Mcal/Wdog/Wdog.o
 .group         0x00000000        0x8 ./Src/Bsw/Mcal/Wdog/Wdog.o
 .group         0x00000000        0x8 ./Src/Bsw/Mcal/Wdog/Wdog.o
 .group         0x00000000        0x8 ./Src/Bsw/Mcal/Wdog/Wdog.o
 .group         0x00000000        0x8 ./Src/Bsw/Mcal/Wdog/Wdog.o
 .group         0x00000000        0x8 ./Src/Bsw/Mcal/Wdog/Wdog.o
 .group         0x00000000        0x8 ./Src/Bsw/Mcal/Wdog/Wdog.o
 .group         0x00000000        0x8 ./Src/Bsw/Mcal/Wdog/Wdog.o
 .group         0x00000000        0x8 ./Src/Bsw/Mcal/Wdog/Wdog.o
 .group         0x00000000        0x8 ./Src/Bsw/Mcal/Wdog/Wdog.o
 .group         0x00000000        0x8 ./Src/Bsw/Mcal/Wdog/Wdog.o
 .text          0x00000000        0x0 ./Src/Bsw/Mcal/Wdog/Wdog.o
 .data          0x00000000        0x0 ./Src/Bsw/Mcal/Wdog/Wdog.o
 .bss           0x00000000        0x0 ./Src/Bsw/Mcal/Wdog/Wdog.o
 .debug_macro   0x00000000      0x868 ./Src/Bsw/Mcal/Wdog/Wdog.o
 .debug_macro   0x00000000       0x52 ./Src/Bsw/Mcal/Wdog/Wdog.o
 .debug_macro   0x00000000       0xa0 ./Src/Bsw/Mcal/Wdog/Wdog.o
 .debug_macro   0x00000000       0x16 ./Src/Bsw/Mcal/Wdog/Wdog.o
 .debug_macro   0x00000000       0x19 ./Src/Bsw/Mcal/Wdog/Wdog.o
 .debug_macro   0x00000000       0x64 ./Src/Bsw/Mcal/Wdog/Wdog.o
 .debug_macro   0x00000000      0x185 ./Src/Bsw/Mcal/Wdog/Wdog.o
 .debug_macro   0x00000000      0x140 ./Src/Bsw/Mcal/Wdog/Wdog.o
 .debug_macro   0x00000000       0x9d ./Src/Bsw/Mcal/Wdog/Wdog.o
 .debug_macro   0x00000000       0x10 ./Src/Bsw/Mcal/Wdog/Wdog.o
 .debug_macro   0x00000000      0x15b ./Src/Bsw/Mcal/Wdog/Wdog.o
 .debug_macro   0x00000000       0x28 ./Src/Bsw/Mcal/Wdog/Wdog.o
 .debug_macro   0x00000000       0x58 ./Src/Bsw/Mcal/Wdog/Wdog.o
 .debug_macro   0x00000000     0xdf8d ./Src/Bsw/Mcal/Wdog/Wdog.o
 .debug_macro   0x00000000       0x10 ./Src/Bsw/Mcal/Wdog/Wdog.o
 .group         0x00000000        0x8 ./Src/Bsw/Mcal/Port/Port.o
 .group         0x00000000        0x8 ./Src/Bsw/Mcal/Port/Port.o
 .group         0x00000000        0x8 ./Src/Bsw/Mcal/Port/Port.o
 .group         0x00000000        0x8 ./Src/Bsw/Mcal/Port/Port.o
 .group         0x00000000        0x8 ./Src/Bsw/Mcal/Port/Port.o
 .group         0x00000000        0x8 ./Src/Bsw/Mcal/Port/Port.o
 .group         0x00000000        0x8 ./Src/Bsw/Mcal/Port/Port.o
 .group         0x00000000        0x8 ./Src/Bsw/Mcal/Port/Port.o
 .group         0x00000000        0x8 ./Src/Bsw/Mcal/Port/Port.o
 .group         0x00000000        0x8 ./Src/Bsw/Mcal/Port/Port.o
 .group         0x00000000        0x8 ./Src/Bsw/Mcal/Port/Port.o
 .group         0x00000000        0x8 ./Src/Bsw/Mcal/Port/Port.o
 .group         0x00000000        0x8 ./Src/Bsw/Mcal/Port/Port.o
 .group         0x00000000        0x8 ./Src/Bsw/Mcal/Port/Port.o
 .group         0x00000000        0x8 ./Src/Bsw/Mcal/Port/Port.o
 .group         0x00000000        0x8 ./Src/Bsw/Mcal/Port/Port.o
 .text          0x00000000        0x0 ./Src/Bsw/Mcal/Port/Port.o
 .data          0x00000000        0x0 ./Src/Bsw/Mcal/Port/Port.o
 .bss           0x00000000        0x0 ./Src/Bsw/Mcal/Port/Port.o
 .debug_macro   0x00000000      0x868 ./Src/Bsw/Mcal/Port/Port.o
 .debug_macro   0x00000000       0x52 ./Src/Bsw/Mcal/Port/Port.o
 .debug_macro   0x00000000       0xa0 ./Src/Bsw/Mcal/Port/Port.o
 .debug_macro   0x00000000       0x16 ./Src/Bsw/Mcal/Port/Port.o
 .debug_macro   0x00000000       0x19 ./Src/Bsw/Mcal/Port/Port.o
 .debug_macro   0x00000000       0x64 ./Src/Bsw/Mcal/Port/Port.o
 .debug_macro   0x00000000      0x185 ./Src/Bsw/Mcal/Port/Port.o
 .debug_macro   0x00000000      0x140 ./Src/Bsw/Mcal/Port/Port.o
 .debug_macro   0x00000000       0x9d ./Src/Bsw/Mcal/Port/Port.o
 .debug_macro   0x00000000       0x10 ./Src/Bsw/Mcal/Port/Port.o
 .debug_macro   0x00000000      0x15b ./Src/Bsw/Mcal/Port/Port.o
 .debug_macro   0x00000000       0x28 ./Src/Bsw/Mcal/Port/Port.o
 .debug_macro   0x00000000       0x58 ./Src/Bsw/Mcal/Port/Port.o
 .debug_macro   0x00000000     0xdf8d ./Src/Bsw/Mcal/Port/Port.o
 .debug_macro   0x00000000       0x10 ./Src/Bsw/Mcal/Port/Port.o
 .group         0x00000000        0x8 ./Src/Bsw/Mcal/Nvic/Nvic.o
 .group         0x00000000        0x8 ./Src/Bsw/Mcal/Nvic/Nvic.o
 .group         0x00000000        0x8 ./Src/Bsw/Mcal/Nvic/Nvic.o
 .group         0x00000000        0x8 ./Src/Bsw/Mcal/Nvic/Nvic.o
 .group         0x00000000        0x8 ./Src/Bsw/Mcal/Nvic/Nvic.o
 .group         0x00000000        0x8 ./Src/Bsw/Mcal/Nvic/Nvic.o
 .group         0x00000000        0x8 ./Src/Bsw/Mcal/Nvic/Nvic.o
 .group         0x00000000        0x8 ./Src/Bsw/Mcal/Nvic/Nvic.o
 .group         0x00000000        0x8 ./Src/Bsw/Mcal/Nvic/Nvic.o
 .group         0x00000000        0x8 ./Src/Bsw/Mcal/Nvic/Nvic.o
 .group         0x00000000        0x8 ./Src/Bsw/Mcal/Nvic/Nvic.o
 .group         0x00000000        0x8 ./Src/Bsw/Mcal/Nvic/Nvic.o
 .group         0x00000000        0x8 ./Src/Bsw/Mcal/Nvic/Nvic.o
 .group         0x00000000        0x8 ./Src/Bsw/Mcal/Nvic/Nvic.o
 .group         0x00000000        0x8 ./Src/Bsw/Mcal/Nvic/Nvic.o
 .text          0x00000000        0x0 ./Src/Bsw/Mcal/Nvic/Nvic.o
 .data          0x00000000        0x0 ./Src/Bsw/Mcal/Nvic/Nvic.o
 .bss           0x00000000        0x0 ./Src/Bsw/Mcal/Nvic/Nvic.o
 .debug_macro   0x00000000      0x868 ./Src/Bsw/Mcal/Nvic/Nvic.o
 .debug_macro   0x00000000       0x52 ./Src/Bsw/Mcal/Nvic/Nvic.o
 .debug_macro   0x00000000       0xa0 ./Src/Bsw/Mcal/Nvic/Nvic.o
 .debug_macro   0x00000000       0x16 ./Src/Bsw/Mcal/Nvic/Nvic.o
 .debug_macro   0x00000000       0x19 ./Src/Bsw/Mcal/Nvic/Nvic.o
 .debug_macro   0x00000000       0x64 ./Src/Bsw/Mcal/Nvic/Nvic.o
 .debug_macro   0x00000000      0x185 ./Src/Bsw/Mcal/Nvic/Nvic.o
 .debug_macro   0x00000000      0x140 ./Src/Bsw/Mcal/Nvic/Nvic.o
 .debug_macro   0x00000000       0x9d ./Src/Bsw/Mcal/Nvic/Nvic.o
 .debug_macro   0x00000000       0x10 ./Src/Bsw/Mcal/Nvic/Nvic.o
 .debug_macro   0x00000000      0x15b ./Src/Bsw/Mcal/Nvic/Nvic.o
 .debug_macro   0x00000000       0x28 ./Src/Bsw/Mcal/Nvic/Nvic.o
 .debug_macro   0x00000000       0x58 ./Src/Bsw/Mcal/Nvic/Nvic.o
 .debug_macro   0x00000000     0xdf8d ./Src/Bsw/Mcal/Nvic/Nvic.o
 .debug_macro   0x00000000       0x10 ./Src/Bsw/Mcal/Nvic/Nvic.o
 .group         0x00000000        0x8 ./Src/Bsw/Mcal/Mcu/Mcu.o
 .group         0x00000000        0x8 ./Src/Bsw/Mcal/Mcu/Mcu.o
 .group         0x00000000        0x8 ./Src/Bsw/Mcal/Mcu/Mcu.o
 .group         0x00000000        0x8 ./Src/Bsw/Mcal/Mcu/Mcu.o
 .group         0x00000000        0x8 ./Src/Bsw/Mcal/Mcu/Mcu.o
 .group         0x00000000        0x8 ./Src/Bsw/Mcal/Mcu/Mcu.o
 .group         0x00000000        0x8 ./Src/Bsw/Mcal/Mcu/Mcu.o
 .group         0x00000000        0x8 ./Src/Bsw/Mcal/Mcu/Mcu.o
 .group         0x00000000        0x8 ./Src/Bsw/Mcal/Mcu/Mcu.o
 .group         0x00000000        0x8 ./Src/Bsw/Mcal/Mcu/Mcu.o
 .group         0x00000000        0x8 ./Src/Bsw/Mcal/Mcu/Mcu.o
 .group         0x00000000        0x8 ./Src/Bsw/Mcal/Mcu/Mcu.o
 .group         0x00000000        0x8 ./Src/Bsw/Mcal/Mcu/Mcu.o
 .group         0x00000000        0x8 ./Src/Bsw/Mcal/Mcu/Mcu.o
 .group         0x00000000        0x8 ./Src/Bsw/Mcal/Mcu/Mcu.o
 .text          0x00000000        0x0 ./Src/Bsw/Mcal/Mcu/Mcu.o
 .data          0x00000000        0x0 ./Src/Bsw/Mcal/Mcu/Mcu.o
 .bss           0x00000000        0x0 ./Src/Bsw/Mcal/Mcu/Mcu.o
 .debug_macro   0x00000000      0x868 ./Src/Bsw/Mcal/Mcu/Mcu.o
 .debug_macro   0x00000000       0x52 ./Src/Bsw/Mcal/Mcu/Mcu.o
 .debug_macro   0x00000000       0xa0 ./Src/Bsw/Mcal/Mcu/Mcu.o
 .debug_macro   0x00000000       0x16 ./Src/Bsw/Mcal/Mcu/Mcu.o
 .debug_macro   0x00000000       0x19 ./Src/Bsw/Mcal/Mcu/Mcu.o
 .debug_macro   0x00000000       0x64 ./Src/Bsw/Mcal/Mcu/Mcu.o
 .debug_macro   0x00000000      0x185 ./Src/Bsw/Mcal/Mcu/Mcu.o
 .debug_macro   0x00000000      0x140 ./Src/Bsw/Mcal/Mcu/Mcu.o
 .debug_macro   0x00000000       0x9d ./Src/Bsw/Mcal/Mcu/Mcu.o
 .debug_macro   0x00000000       0x10 ./Src/Bsw/Mcal/Mcu/Mcu.o
 .debug_macro   0x00000000      0x15b ./Src/Bsw/Mcal/Mcu/Mcu.o
 .debug_macro   0x00000000       0x28 ./Src/Bsw/Mcal/Mcu/Mcu.o
 .debug_macro   0x00000000       0x58 ./Src/Bsw/Mcal/Mcu/Mcu.o
 .debug_macro   0x00000000     0xdf8d ./Src/Bsw/Mcal/Mcu/Mcu.o
 .debug_macro   0x00000000       0x10 ./Src/Bsw/Mcal/Mcu/Mcu.o
 .group         0x00000000        0x8 ./Src/Bsw/Mcal/Lpit/Lpit.o
 .group         0x00000000        0x8 ./Src/Bsw/Mcal/Lpit/Lpit.o
 .group         0x00000000        0x8 ./Src/Bsw/Mcal/Lpit/Lpit.o
 .group         0x00000000        0x8 ./Src/Bsw/Mcal/Lpit/Lpit.o
 .group         0x00000000        0x8 ./Src/Bsw/Mcal/Lpit/Lpit.o
 .group         0x00000000        0x8 ./Src/Bsw/Mcal/Lpit/Lpit.o
 .group         0x00000000        0x8 ./Src/Bsw/Mcal/Lpit/Lpit.o
 .group         0x00000000        0x8 ./Src/Bsw/Mcal/Lpit/Lpit.o
 .group         0x00000000        0x8 ./Src/Bsw/Mcal/Lpit/Lpit.o
 .group         0x00000000        0x8 ./Src/Bsw/Mcal/Lpit/Lpit.o
 .group         0x00000000        0x8 ./Src/Bsw/Mcal/Lpit/Lpit.o
 .group         0x00000000        0x8 ./Src/Bsw/Mcal/Lpit/Lpit.o
 .group         0x00000000        0x8 ./Src/Bsw/Mcal/Lpit/Lpit.o
 .group         0x00000000        0x8 ./Src/Bsw/Mcal/Lpit/Lpit.o
 .group         0x00000000        0x8 ./Src/Bsw/Mcal/Lpit/Lpit.o
 .text          0x00000000        0x0 ./Src/Bsw/Mcal/Lpit/Lpit.o
 .data          0x00000000        0x0 ./Src/Bsw/Mcal/Lpit/Lpit.o
 .bss           0x00000000        0x0 ./Src/Bsw/Mcal/Lpit/Lpit.o
 .text.LPIT0_Stop
                0x00000000       0x1c ./Src/Bsw/Mcal/Lpit/Lpit.o
 .debug_macro   0x00000000      0x868 ./Src/Bsw/Mcal/Lpit/Lpit.o
 .debug_macro   0x00000000       0x52 ./Src/Bsw/Mcal/Lpit/Lpit.o
 .debug_macro   0x00000000       0xa0 ./Src/Bsw/Mcal/Lpit/Lpit.o
 .debug_macro   0x00000000       0x16 ./Src/Bsw/Mcal/Lpit/Lpit.o
 .debug_macro   0x00000000       0x19 ./Src/Bsw/Mcal/Lpit/Lpit.o
 .debug_macro   0x00000000       0x64 ./Src/Bsw/Mcal/Lpit/Lpit.o
 .debug_macro   0x00000000      0x185 ./Src/Bsw/Mcal/Lpit/Lpit.o
 .debug_macro   0x00000000      0x140 ./Src/Bsw/Mcal/Lpit/Lpit.o
 .debug_macro   0x00000000       0x9d ./Src/Bsw/Mcal/Lpit/Lpit.o
 .debug_macro   0x00000000       0x10 ./Src/Bsw/Mcal/Lpit/Lpit.o
 .debug_macro   0x00000000      0x15b ./Src/Bsw/Mcal/Lpit/Lpit.o
 .debug_macro   0x00000000       0x28 ./Src/Bsw/Mcal/Lpit/Lpit.o
 .debug_macro   0x00000000       0x58 ./Src/Bsw/Mcal/Lpit/Lpit.o
 .debug_macro   0x00000000     0xdf8d ./Src/Bsw/Mcal/Lpit/Lpit.o
 .debug_macro   0x00000000       0x10 ./Src/Bsw/Mcal/Lpit/Lpit.o
 .group         0x00000000        0x8 ./Src/Bsw/Mcal/Dio/Dio.o
 .group         0x00000000        0x8 ./Src/Bsw/Mcal/Dio/Dio.o
 .group         0x00000000        0x8 ./Src/Bsw/Mcal/Dio/Dio.o
 .group         0x00000000        0x8 ./Src/Bsw/Mcal/Dio/Dio.o
 .group         0x00000000        0x8 ./Src/Bsw/Mcal/Dio/Dio.o
 .group         0x00000000        0x8 ./Src/Bsw/Mcal/Dio/Dio.o
 .group         0x00000000        0x8 ./Src/Bsw/Mcal/Dio/Dio.o
 .group         0x00000000        0x8 ./Src/Bsw/Mcal/Dio/Dio.o
 .group         0x00000000        0x8 ./Src/Bsw/Mcal/Dio/Dio.o
 .group         0x00000000        0x8 ./Src/Bsw/Mcal/Dio/Dio.o
 .group         0x00000000        0x8 ./Src/Bsw/Mcal/Dio/Dio.o
 .group         0x00000000        0x8 ./Src/Bsw/Mcal/Dio/Dio.o
 .group         0x00000000        0x8 ./Src/Bsw/Mcal/Dio/Dio.o
 .group         0x00000000        0x8 ./Src/Bsw/Mcal/Dio/Dio.o
 .group         0x00000000        0x8 ./Src/Bsw/Mcal/Dio/Dio.o
 .text          0x00000000        0x0 ./Src/Bsw/Mcal/Dio/Dio.o
 .data          0x00000000        0x0 ./Src/Bsw/Mcal/Dio/Dio.o
 .bss           0x00000000        0x0 ./Src/Bsw/Mcal/Dio/Dio.o
 .text.Dio_PortTooglePin
                0x00000000       0x38 ./Src/Bsw/Mcal/Dio/Dio.o
 .text.Dio_PortGetPin
                0x00000000       0x28 ./Src/Bsw/Mcal/Dio/Dio.o
 .debug_macro   0x00000000      0x868 ./Src/Bsw/Mcal/Dio/Dio.o
 .debug_macro   0x00000000       0x52 ./Src/Bsw/Mcal/Dio/Dio.o
 .debug_macro   0x00000000       0xa0 ./Src/Bsw/Mcal/Dio/Dio.o
 .debug_macro   0x00000000       0x16 ./Src/Bsw/Mcal/Dio/Dio.o
 .debug_macro   0x00000000       0x19 ./Src/Bsw/Mcal/Dio/Dio.o
 .debug_macro   0x00000000       0x64 ./Src/Bsw/Mcal/Dio/Dio.o
 .debug_macro   0x00000000      0x185 ./Src/Bsw/Mcal/Dio/Dio.o
 .debug_macro   0x00000000      0x140 ./Src/Bsw/Mcal/Dio/Dio.o
 .debug_macro   0x00000000       0x9d ./Src/Bsw/Mcal/Dio/Dio.o
 .debug_macro   0x00000000       0x10 ./Src/Bsw/Mcal/Dio/Dio.o
 .debug_macro   0x00000000      0x15b ./Src/Bsw/Mcal/Dio/Dio.o
 .debug_macro   0x00000000       0x28 ./Src/Bsw/Mcal/Dio/Dio.o
 .debug_macro   0x00000000       0x58 ./Src/Bsw/Mcal/Dio/Dio.o
 .debug_macro   0x00000000     0xdf8d ./Src/Bsw/Mcal/Dio/Dio.o
 .debug_macro   0x00000000       0x10 ./Src/Bsw/Mcal/Dio/Dio.o
 .group         0x00000000        0x8 ./Src/Asw/Entry/Main.o
 .group         0x00000000        0x8 ./Src/Asw/Entry/Main.o
 .group         0x00000000        0x8 ./Src/Asw/Entry/Main.o
 .group         0x00000000        0x8 ./Src/Asw/Entry/Main.o
 .group         0x00000000        0x8 ./Src/Asw/Entry/Main.o
 .group         0x00000000        0x8 ./Src/Asw/Entry/Main.o
 .group         0x00000000        0x8 ./Src/Asw/Entry/Main.o
 .group         0x00000000        0x8 ./Src/Asw/Entry/Main.o
 .group         0x00000000        0x8 ./Src/Asw/Entry/Main.o
 .group         0x00000000        0x8 ./Src/Asw/Entry/Main.o
 .group         0x00000000        0x8 ./Src/Asw/Entry/Main.o
 .group         0x00000000        0x8 ./Src/Asw/Entry/Main.o
 .group         0x00000000        0x8 ./Src/Asw/Entry/Main.o
 .group         0x00000000        0x8 ./Src/Asw/Entry/Main.o
 .text          0x00000000        0x0 ./Src/Asw/Entry/Main.o
 .data          0x00000000        0x0 ./Src/Asw/Entry/Main.o
 .bss           0x00000000        0x0 ./Src/Asw/Entry/Main.o
 .debug_macro   0x00000000      0x868 ./Src/Asw/Entry/Main.o
 .debug_macro   0x00000000       0x52 ./Src/Asw/Entry/Main.o
 .debug_macro   0x00000000       0xa0 ./Src/Asw/Entry/Main.o
 .debug_macro   0x00000000       0x16 ./Src/Asw/Entry/Main.o
 .debug_macro   0x00000000       0x64 ./Src/Asw/Entry/Main.o
 .debug_macro   0x00000000      0x185 ./Src/Asw/Entry/Main.o
 .debug_macro   0x00000000      0x140 ./Src/Asw/Entry/Main.o
 .debug_macro   0x00000000       0x9d ./Src/Asw/Entry/Main.o
 .debug_macro   0x00000000       0x10 ./Src/Asw/Entry/Main.o
 .debug_macro   0x00000000      0x15b ./Src/Asw/Entry/Main.o
 .debug_macro   0x00000000       0x28 ./Src/Asw/Entry/Main.o
 .debug_macro   0x00000000       0x58 ./Src/Asw/Entry/Main.o
 .debug_macro   0x00000000       0x3a ./Src/Asw/Entry/Main.o
 .group         0x00000000        0x8 ./Project_Settings/Startup_Code/system_S32K144.o
 .group         0x00000000        0x8 ./Project_Settings/Startup_Code/system_S32K144.o
 .group         0x00000000        0x8 ./Project_Settings/Startup_Code/system_S32K144.o
 .group         0x00000000        0x8 ./Project_Settings/Startup_Code/system_S32K144.o
 .group         0x00000000        0x8 ./Project_Settings/Startup_Code/system_S32K144.o
 .group         0x00000000        0x8 ./Project_Settings/Startup_Code/system_S32K144.o
 .group         0x00000000        0x8 ./Project_Settings/Startup_Code/system_S32K144.o
 .group         0x00000000        0x8 ./Project_Settings/Startup_Code/system_S32K144.o
 .group         0x00000000        0x8 ./Project_Settings/Startup_Code/system_S32K144.o
 .group         0x00000000        0x8 ./Project_Settings/Startup_Code/system_S32K144.o
 .group         0x00000000        0x8 ./Project_Settings/Startup_Code/system_S32K144.o
 .group         0x00000000        0x8 ./Project_Settings/Startup_Code/system_S32K144.o
 .group         0x00000000        0x8 ./Project_Settings/Startup_Code/system_S32K144.o
 .group         0x00000000        0x8 ./Project_Settings/Startup_Code/system_S32K144.o
 .group         0x00000000        0x8 ./Project_Settings/Startup_Code/system_S32K144.o
 .group         0x00000000        0x8 ./Project_Settings/Startup_Code/system_S32K144.o
 .group         0x00000000        0x8 ./Project_Settings/Startup_Code/system_S32K144.o
 .group         0x00000000        0x8 ./Project_Settings/Startup_Code/system_S32K144.o
 .group         0x00000000        0x8 ./Project_Settings/Startup_Code/system_S32K144.o
 .text          0x00000000        0x0 ./Project_Settings/Startup_Code/system_S32K144.o
 .data          0x00000000        0x0 ./Project_Settings/Startup_Code/system_S32K144.o
 .bss           0x00000000        0x0 ./Project_Settings/Startup_Code/system_S32K144.o
 .data.SystemCoreClock
                0x00000000        0x4 ./Project_Settings/Startup_Code/system_S32K144.o
 .text.SystemCoreClockUpdate
                0x00000000       0xf4 ./Project_Settings/Startup_Code/system_S32K144.o
 .text.SystemSoftwareReset
                0x00000000       0x40 ./Project_Settings/Startup_Code/system_S32K144.o
 .rodata.fircFreq.5043
                0x00000000       0x10 ./Project_Settings/Startup_Code/system_S32K144.o
 .debug_macro   0x00000000      0x868 ./Project_Settings/Startup_Code/system_S32K144.o
 .debug_macro   0x00000000       0x52 ./Project_Settings/Startup_Code/system_S32K144.o
 .debug_macro   0x00000000       0xa0 ./Project_Settings/Startup_Code/system_S32K144.o
 .debug_macro   0x00000000       0x16 ./Project_Settings/Startup_Code/system_S32K144.o
 .debug_macro   0x00000000       0x19 ./Project_Settings/Startup_Code/system_S32K144.o
 .debug_macro   0x00000000       0x64 ./Project_Settings/Startup_Code/system_S32K144.o
 .debug_macro   0x00000000      0x185 ./Project_Settings/Startup_Code/system_S32K144.o
 .debug_macro   0x00000000      0x140 ./Project_Settings/Startup_Code/system_S32K144.o
 .debug_macro   0x00000000       0x9d ./Project_Settings/Startup_Code/system_S32K144.o
 .debug_macro   0x00000000       0x10 ./Project_Settings/Startup_Code/system_S32K144.o
 .debug_macro   0x00000000      0x15b ./Project_Settings/Startup_Code/system_S32K144.o
 .debug_macro   0x00000000       0x28 ./Project_Settings/Startup_Code/system_S32K144.o
 .debug_macro   0x00000000       0x58 ./Project_Settings/Startup_Code/system_S32K144.o
 .debug_macro   0x00000000     0xdf8d ./Project_Settings/Startup_Code/system_S32K144.o
 .data          0x00000000        0x0 ./Project_Settings/Startup_Code/startup_S32K144.o
 .bss           0x00000000        0x0 ./Project_Settings/Startup_Code/startup_S32K144.o
 .FlashConfig   0x00000000       0x10 ./Project_Settings/Startup_Code/startup_S32K144.o
 .group         0x00000000        0x8 ./Project_Settings/Startup_Code/startup.o
 .group         0x00000000        0x8 ./Project_Settings/Startup_Code/startup.o
 .group         0x00000000        0x8 ./Project_Settings/Startup_Code/startup.o
 .group         0x00000000        0x8 ./Project_Settings/Startup_Code/startup.o
 .group         0x00000000        0x8 ./Project_Settings/Startup_Code/startup.o
 .group         0x00000000        0x8 ./Project_Settings/Startup_Code/startup.o
 .group         0x00000000        0x8 ./Project_Settings/Startup_Code/startup.o
 .group         0x00000000        0x8 ./Project_Settings/Startup_Code/startup.o
 .group         0x00000000        0x8 ./Project_Settings/Startup_Code/startup.o
 .group         0x00000000        0x8 ./Project_Settings/Startup_Code/startup.o
 .group         0x00000000        0x8 ./Project_Settings/Startup_Code/startup.o
 .group         0x00000000        0x8 ./Project_Settings/Startup_Code/startup.o
 .group         0x00000000        0x8 ./Project_Settings/Startup_Code/startup.o
 .group         0x00000000        0x8 ./Project_Settings/Startup_Code/startup.o
 .group         0x00000000        0x8 ./Project_Settings/Startup_Code/startup.o
 .group         0x00000000        0x8 ./Project_Settings/Startup_Code/startup.o
 .group         0x00000000        0x8 ./Project_Settings/Startup_Code/startup.o
 .group         0x00000000        0x8 ./Project_Settings/Startup_Code/startup.o
 .text          0x00000000        0x0 ./Project_Settings/Startup_Code/startup.o
 .data          0x00000000        0x0 ./Project_Settings/Startup_Code/startup.o
 .bss           0x00000000        0x0 ./Project_Settings/Startup_Code/startup.o
 .debug_macro   0x00000000      0x868 ./Project_Settings/Startup_Code/startup.o
 .debug_macro   0x00000000       0x52 ./Project_Settings/Startup_Code/startup.o
 .debug_macro   0x00000000       0xa0 ./Project_Settings/Startup_Code/startup.o
 .debug_macro   0x00000000       0x16 ./Project_Settings/Startup_Code/startup.o
 .debug_macro   0x00000000       0x10 ./Project_Settings/Startup_Code/startup.o
 .debug_macro   0x00000000       0x6d ./Project_Settings/Startup_Code/startup.o
 .debug_macro   0x00000000       0x19 ./Project_Settings/Startup_Code/startup.o
 .debug_macro   0x00000000       0x64 ./Project_Settings/Startup_Code/startup.o
 .debug_macro   0x00000000      0x185 ./Project_Settings/Startup_Code/startup.o
 .debug_macro   0x00000000      0x140 ./Project_Settings/Startup_Code/startup.o
 .debug_macro   0x00000000       0x9d ./Project_Settings/Startup_Code/startup.o
 .debug_macro   0x00000000       0x10 ./Project_Settings/Startup_Code/startup.o
 .debug_macro   0x00000000      0x15b ./Project_Settings/Startup_Code/startup.o
 .debug_macro   0x00000000       0x28 ./Project_Settings/Startup_Code/startup.o
 .debug_macro   0x00000000       0x58 ./Project_Settings/Startup_Code/startup.o
 .debug_macro   0x00000000     0xdf8d ./Project_Settings/Startup_Code/startup.o
 .debug_macro   0x00000000      0x978 ./Project_Settings/Startup_Code/startup.o
 .debug_macro   0x00000000       0x22 ./Project_Settings/Startup_Code/startup.o
 .text          0x00000000        0x0 C:/NXP/S32DS_ARM_v2.0/S32DS/arm_ewl2/lib/armv7e-m\libc99.a(exit.o)
 .data          0x00000000        0x0 C:/NXP/S32DS_ARM_v2.0/S32DS/arm_ewl2/lib/armv7e-m\libc99.a(exit.o)
 .bss           0x00000000        0x0 C:/NXP/S32DS_ARM_v2.0/S32DS/arm_ewl2/lib/armv7e-m\libc99.a(exit.o)
 .text.exit     0x00000000       0x38 C:/NXP/S32DS_ARM_v2.0/S32DS/arm_ewl2/lib/armv7e-m\libc99.a(exit.o)
 .text._Exit    0x00000000        0x4 C:/NXP/S32DS_ARM_v2.0/S32DS/arm_ewl2/lib/armv7e-m\libc99.a(exit.o)
 .bss.__stdio_exit
                0x00000000        0x4 C:/NXP/S32DS_ARM_v2.0/S32DS/arm_ewl2/lib/armv7e-m\libc99.a(exit.o)
 .bss.__console_exit
                0x00000000        0x4 C:/NXP/S32DS_ARM_v2.0/S32DS/arm_ewl2/lib/armv7e-m\libc99.a(exit.o)
 .debug_info    0x00000000      0x111 C:/NXP/S32DS_ARM_v2.0/S32DS/arm_ewl2/lib/armv7e-m\libc99.a(exit.o)
 .debug_abbrev  0x00000000       0x91 C:/NXP/S32DS_ARM_v2.0/S32DS/arm_ewl2/lib/armv7e-m\libc99.a(exit.o)
 .debug_loc     0x00000000       0x5d C:/NXP/S32DS_ARM_v2.0/S32DS/arm_ewl2/lib/armv7e-m\libc99.a(exit.o)
 .debug_aranges
                0x00000000       0x28 C:/NXP/S32DS_ARM_v2.0/S32DS/arm_ewl2/lib/armv7e-m\libc99.a(exit.o)
 .debug_line    0x00000000       0xa4 C:/NXP/S32DS_ARM_v2.0/S32DS/arm_ewl2/lib/armv7e-m\libc99.a(exit.o)
 .debug_str     0x00000000      0x23c C:/NXP/S32DS_ARM_v2.0/S32DS/arm_ewl2/lib/armv7e-m\libc99.a(exit.o)
 .comment       0x00000000       0x71 C:/NXP/S32DS_ARM_v2.0/S32DS/arm_ewl2/lib/armv7e-m\libc99.a(exit.o)
 .debug_frame   0x00000000       0x3c C:/NXP/S32DS_ARM_v2.0/S32DS/arm_ewl2/lib/armv7e-m\libc99.a(exit.o)
 .ARM.attributes
                0x00000000       0x33 C:/NXP/S32DS_ARM_v2.0/S32DS/arm_ewl2/lib/armv7e-m\libc99.a(exit.o)
 .text          0x00000000        0x0 C:/NXP/S32DS_ARM_v2.0/S32DS/arm_ewl2/lib/armv7e-m\libc99.a(memset.o)
 .data          0x00000000        0x0 C:/NXP/S32DS_ARM_v2.0/S32DS/arm_ewl2/lib/armv7e-m\libc99.a(memset.o)
 .bss           0x00000000        0x0 C:/NXP/S32DS_ARM_v2.0/S32DS/arm_ewl2/lib/armv7e-m\libc99.a(memset.o)
 .text.memset   0x00000000        0xc C:/NXP/S32DS_ARM_v2.0/S32DS/arm_ewl2/lib/armv7e-m\libc99.a(memset.o)
 .debug_info    0x00000000       0xec C:/NXP/S32DS_ARM_v2.0/S32DS/arm_ewl2/lib/armv7e-m\libc99.a(memset.o)
 .debug_abbrev  0x00000000       0x62 C:/NXP/S32DS_ARM_v2.0/S32DS/arm_ewl2/lib/armv7e-m\libc99.a(memset.o)
 .debug_loc     0x00000000       0x64 C:/NXP/S32DS_ARM_v2.0/S32DS/arm_ewl2/lib/armv7e-m\libc99.a(memset.o)
 .debug_aranges
                0x00000000       0x20 C:/NXP/S32DS_ARM_v2.0/S32DS/arm_ewl2/lib/armv7e-m\libc99.a(memset.o)
 .debug_line    0x00000000       0x8f C:/NXP/S32DS_ARM_v2.0/S32DS/arm_ewl2/lib/armv7e-m\libc99.a(memset.o)
 .debug_str     0x00000000      0x21f C:/NXP/S32DS_ARM_v2.0/S32DS/arm_ewl2/lib/armv7e-m\libc99.a(memset.o)
 .comment       0x00000000       0x71 C:/NXP/S32DS_ARM_v2.0/S32DS/arm_ewl2/lib/armv7e-m\libc99.a(memset.o)
 .debug_frame   0x00000000       0x28 C:/NXP/S32DS_ARM_v2.0/S32DS/arm_ewl2/lib/armv7e-m\libc99.a(memset.o)
 .ARM.attributes
                0x00000000       0x33 C:/NXP/S32DS_ARM_v2.0/S32DS/arm_ewl2/lib/armv7e-m\libc99.a(memset.o)
 .text          0x00000000        0x0 C:/NXP/S32DS_ARM_v2.0/S32DS/arm_ewl2/lib/armv7e-m\libc99.a(__filll_mem.o)
 .data          0x00000000        0x0 C:/NXP/S32DS_ARM_v2.0/S32DS/arm_ewl2/lib/armv7e-m\libc99.a(__filll_mem.o)
 .bss           0x00000000        0x0 C:/NXP/S32DS_ARM_v2.0/S32DS/arm_ewl2/lib/armv7e-m\libc99.a(__filll_mem.o)
 .text.__fill_mem
                0x00000000       0x7a C:/NXP/S32DS_ARM_v2.0/S32DS/arm_ewl2/lib/armv7e-m\libc99.a(__filll_mem.o)
 .debug_info    0x00000000      0x137 C:/NXP/S32DS_ARM_v2.0/S32DS/arm_ewl2/lib/armv7e-m\libc99.a(__filll_mem.o)
 .debug_abbrev  0x00000000       0x78 C:/NXP/S32DS_ARM_v2.0/S32DS/arm_ewl2/lib/armv7e-m\libc99.a(__filll_mem.o)
 .debug_loc     0x00000000      0x16b C:/NXP/S32DS_ARM_v2.0/S32DS/arm_ewl2/lib/armv7e-m\libc99.a(__filll_mem.o)
 .debug_aranges
                0x00000000       0x20 C:/NXP/S32DS_ARM_v2.0/S32DS/arm_ewl2/lib/armv7e-m\libc99.a(__filll_mem.o)
 .debug_line    0x00000000       0xb2 C:/NXP/S32DS_ARM_v2.0/S32DS/arm_ewl2/lib/armv7e-m\libc99.a(__filll_mem.o)
 .debug_str     0x00000000      0x231 C:/NXP/S32DS_ARM_v2.0/S32DS/arm_ewl2/lib/armv7e-m\libc99.a(__filll_mem.o)
 .comment       0x00000000       0x71 C:/NXP/S32DS_ARM_v2.0/S32DS/arm_ewl2/lib/armv7e-m\libc99.a(__filll_mem.o)
 .debug_frame   0x00000000       0x28 C:/NXP/S32DS_ARM_v2.0/S32DS/arm_ewl2/lib/armv7e-m\libc99.a(__filll_mem.o)
 .ARM.attributes
                0x00000000       0x33 C:/NXP/S32DS_ARM_v2.0/S32DS/arm_ewl2/lib/armv7e-m\libc99.a(__filll_mem.o)
 .text          0x00000000        0x0 C:/NXP/S32DS_ARM_v2.0/S32DS/arm_ewl2/lib/armv7e-m\librt.a(gcc_ctor_dtor.o)
 .data          0x00000000        0x0 C:/NXP/S32DS_ARM_v2.0/S32DS/arm_ewl2/lib/armv7e-m\librt.a(gcc_ctor_dtor.o)
 .bss           0x00000000        0x0 C:/NXP/S32DS_ARM_v2.0/S32DS/arm_ewl2/lib/armv7e-m\librt.a(gcc_ctor_dtor.o)
 .text.__init_cpp
                0x00000000       0x4c C:/NXP/S32DS_ARM_v2.0/S32DS/arm_ewl2/lib/armv7e-m\librt.a(gcc_ctor_dtor.o)
 .text.__fini_cpp
                0x00000000       0x34 C:/NXP/S32DS_ARM_v2.0/S32DS/arm_ewl2/lib/armv7e-m\librt.a(gcc_ctor_dtor.o)
 .text._ExitProcess
                0x00000000        0x2 C:/NXP/S32DS_ARM_v2.0/S32DS/arm_ewl2/lib/armv7e-m\librt.a(gcc_ctor_dtor.o)
 .bss.__dso_handle
                0x00000000        0x4 C:/NXP/S32DS_ARM_v2.0/S32DS/arm_ewl2/lib/armv7e-m\librt.a(gcc_ctor_dtor.o)
 .debug_info    0x00000000      0x14a C:/NXP/S32DS_ARM_v2.0/S32DS/arm_ewl2/lib/armv7e-m\librt.a(gcc_ctor_dtor.o)
 .debug_abbrev  0x00000000       0xae C:/NXP/S32DS_ARM_v2.0/S32DS/arm_ewl2/lib/armv7e-m\librt.a(gcc_ctor_dtor.o)
 .debug_loc     0x00000000       0x9d C:/NXP/S32DS_ARM_v2.0/S32DS/arm_ewl2/lib/armv7e-m\librt.a(gcc_ctor_dtor.o)
 .debug_aranges
                0x00000000       0x30 C:/NXP/S32DS_ARM_v2.0/S32DS/arm_ewl2/lib/armv7e-m\librt.a(gcc_ctor_dtor.o)
 .debug_line    0x00000000       0x74 C:/NXP/S32DS_ARM_v2.0/S32DS/arm_ewl2/lib/armv7e-m\librt.a(gcc_ctor_dtor.o)
 .debug_str     0x00000000      0x28e C:/NXP/S32DS_ARM_v2.0/S32DS/arm_ewl2/lib/armv7e-m\librt.a(gcc_ctor_dtor.o)
 .comment       0x00000000       0x71 C:/NXP/S32DS_ARM_v2.0/S32DS/arm_ewl2/lib/armv7e-m\librt.a(gcc_ctor_dtor.o)
 .debug_frame   0x00000000       0x50 C:/NXP/S32DS_ARM_v2.0/S32DS/arm_ewl2/lib/armv7e-m\librt.a(gcc_ctor_dtor.o)
 .ARM.attributes
                0x00000000       0x33 C:/NXP/S32DS_ARM_v2.0/S32DS/arm_ewl2/lib/armv7e-m\librt.a(gcc_ctor_dtor.o)
 .text          0x00000000        0x0 C:/NXP/S32DS_ARM_v2.0/S32DS/arm_ewl2/lib/armv7e-m\librt.a(__arm_eabi_init.o)
 .data          0x00000000        0x0 C:/NXP/S32DS_ARM_v2.0/S32DS/arm_ewl2/lib/armv7e-m\librt.a(__arm_eabi_init.o)
 .bss           0x00000000        0x0 C:/NXP/S32DS_ARM_v2.0/S32DS/arm_ewl2/lib/armv7e-m\librt.a(__arm_eabi_init.o)
 .text.__destroy_global_chain
                0x00000000       0x18 C:/NXP/S32DS_ARM_v2.0/S32DS/arm_ewl2/lib/armv7e-m\librt.a(__arm_eabi_init.o)
 .text.__register_global_object
                0x00000000       0x14 C:/NXP/S32DS_ARM_v2.0/S32DS/arm_ewl2/lib/armv7e-m\librt.a(__arm_eabi_init.o)
 .text.__cxa_atexit
                0x00000000       0x38 C:/NXP/S32DS_ARM_v2.0/S32DS/arm_ewl2/lib/armv7e-m\librt.a(__arm_eabi_init.o)
 .text.__aeabi_atexit
                0x00000000        0xa C:/NXP/S32DS_ARM_v2.0/S32DS/arm_ewl2/lib/armv7e-m\librt.a(__arm_eabi_init.o)
 .text.__register_atexit
                0x00000000        0x8 C:/NXP/S32DS_ARM_v2.0/S32DS/arm_ewl2/lib/armv7e-m\librt.a(__arm_eabi_init.o)
 .text.__init_registers
                0x00000000       0x20 C:/NXP/S32DS_ARM_v2.0/S32DS/arm_ewl2/lib/armv7e-m\librt.a(__arm_eabi_init.o)
 .text.__init_hardware
                0x00000000        0x4 C:/NXP/S32DS_ARM_v2.0/S32DS/arm_ewl2/lib/armv7e-m\librt.a(__arm_eabi_init.o)
 .text.__init_user
                0x00000000        0x4 C:/NXP/S32DS_ARM_v2.0/S32DS/arm_ewl2/lib/armv7e-m\librt.a(__arm_eabi_init.o)
 .bss.atexit_curr_func
                0x00000000        0x4 C:/NXP/S32DS_ARM_v2.0/S32DS/arm_ewl2/lib/armv7e-m\librt.a(__arm_eabi_init.o)
 .bss.atexit_funcs
                0x00000000      0x300 C:/NXP/S32DS_ARM_v2.0/S32DS/arm_ewl2/lib/armv7e-m\librt.a(__arm_eabi_init.o)
 .bss.__global_destructor_chain
                0x00000000        0x4 C:/NXP/S32DS_ARM_v2.0/S32DS/arm_ewl2/lib/armv7e-m\librt.a(__arm_eabi_init.o)
 .debug_info    0x00000000      0x2b3 C:/NXP/S32DS_ARM_v2.0/S32DS/arm_ewl2/lib/armv7e-m\librt.a(__arm_eabi_init.o)
 .debug_abbrev  0x00000000      0x1d3 C:/NXP/S32DS_ARM_v2.0/S32DS/arm_ewl2/lib/armv7e-m\librt.a(__arm_eabi_init.o)
 .debug_loc     0x00000000      0x144 C:/NXP/S32DS_ARM_v2.0/S32DS/arm_ewl2/lib/armv7e-m\librt.a(__arm_eabi_init.o)
 .debug_aranges
                0x00000000       0x58 C:/NXP/S32DS_ARM_v2.0/S32DS/arm_ewl2/lib/armv7e-m\librt.a(__arm_eabi_init.o)
 .debug_line    0x00000000      0x107 C:/NXP/S32DS_ARM_v2.0/S32DS/arm_ewl2/lib/armv7e-m\librt.a(__arm_eabi_init.o)
 .debug_str     0x00000000      0x2b5 C:/NXP/S32DS_ARM_v2.0/S32DS/arm_ewl2/lib/armv7e-m\librt.a(__arm_eabi_init.o)
 .comment       0x00000000       0x71 C:/NXP/S32DS_ARM_v2.0/S32DS/arm_ewl2/lib/armv7e-m\librt.a(__arm_eabi_init.o)
 .debug_frame   0x00000000       0xac C:/NXP/S32DS_ARM_v2.0/S32DS/arm_ewl2/lib/armv7e-m\librt.a(__arm_eabi_init.o)
 .ARM.attributes
                0x00000000       0x33 C:/NXP/S32DS_ARM_v2.0/S32DS/arm_ewl2/lib/armv7e-m\librt.a(__arm_eabi_init.o)
 .text          0x00000000        0x0 C:/NXP/S32DS_ARM_v2.0/S32DS/arm_ewl2/lib/armv7e-m\librt.a(ROMCopy.o)
 .data          0x00000000        0x0 C:/NXP/S32DS_ARM_v2.0/S32DS/arm_ewl2/lib/armv7e-m\librt.a(ROMCopy.o)
 .bss           0x00000000        0x0 C:/NXP/S32DS_ARM_v2.0/S32DS/arm_ewl2/lib/armv7e-m\librt.a(ROMCopy.o)
 .text.__flush_cache
                0x00000000        0x2 C:/NXP/S32DS_ARM_v2.0/S32DS/arm_ewl2/lib/armv7e-m\librt.a(ROMCopy.o)
 .text.__copy_rom_section
                0x00000000       0x42 C:/NXP/S32DS_ARM_v2.0/S32DS/arm_ewl2/lib/armv7e-m\librt.a(ROMCopy.o)
 .text.__copy_rom_sections_to_ram
                0x00000000       0x28 C:/NXP/S32DS_ARM_v2.0/S32DS/arm_ewl2/lib/armv7e-m\librt.a(ROMCopy.o)
 .debug_info    0x00000000      0x20e C:/NXP/S32DS_ARM_v2.0/S32DS/arm_ewl2/lib/armv7e-m\librt.a(ROMCopy.o)
 .debug_abbrev  0x00000000      0x11f C:/NXP/S32DS_ARM_v2.0/S32DS/arm_ewl2/lib/armv7e-m\librt.a(ROMCopy.o)
 .debug_loc     0x00000000       0xb3 C:/NXP/S32DS_ARM_v2.0/S32DS/arm_ewl2/lib/armv7e-m\librt.a(ROMCopy.o)
 .debug_aranges
                0x00000000       0x30 C:/NXP/S32DS_ARM_v2.0/S32DS/arm_ewl2/lib/armv7e-m\librt.a(ROMCopy.o)
 .debug_line    0x00000000       0x9e C:/NXP/S32DS_ARM_v2.0/S32DS/arm_ewl2/lib/armv7e-m\librt.a(ROMCopy.o)
 .debug_str     0x00000000      0x233 C:/NXP/S32DS_ARM_v2.0/S32DS/arm_ewl2/lib/armv7e-m\librt.a(ROMCopy.o)
 .comment       0x00000000       0x71 C:/NXP/S32DS_ARM_v2.0/S32DS/arm_ewl2/lib/armv7e-m\librt.a(ROMCopy.o)
 .debug_frame   0x00000000       0x48 C:/NXP/S32DS_ARM_v2.0/S32DS/arm_ewl2/lib/armv7e-m\librt.a(ROMCopy.o)
 .ARM.attributes
                0x00000000       0x33 C:/NXP/S32DS_ARM_v2.0/S32DS/arm_ewl2/lib/armv7e-m\librt.a(ROMCopy.o)
 .text          0x00000000        0x0 C:/NXP/S32DS_ARM_v2.0/S32DS/arm_ewl2/lib/armv7e-m/__arm_end.o
 .data          0x00000000        0x0 C:/NXP/S32DS_ARM_v2.0/S32DS/arm_ewl2/lib/armv7e-m/__arm_end.o
 .bss           0x00000000        0x0 C:/NXP/S32DS_ARM_v2.0/S32DS/arm_ewl2/lib/armv7e-m/__arm_end.o
 .text._ExitProcess
                0x00000000        0x2 C:/NXP/S32DS_ARM_v2.0/S32DS/arm_ewl2/lib/armv7e-m/__arm_end.o
 .debug_info    0x00000000       0x4e C:/NXP/S32DS_ARM_v2.0/S32DS/arm_ewl2/lib/armv7e-m/__arm_end.o
 .debug_abbrev  0x00000000       0x4a C:/NXP/S32DS_ARM_v2.0/S32DS/arm_ewl2/lib/armv7e-m/__arm_end.o
 .debug_aranges
                0x00000000       0x20 C:/NXP/S32DS_ARM_v2.0/S32DS/arm_ewl2/lib/armv7e-m/__arm_end.o
 .debug_line    0x00000000       0x45 C:/NXP/S32DS_ARM_v2.0/S32DS/arm_ewl2/lib/armv7e-m/__arm_end.o
 .debug_str     0x00000000      0x1a7 C:/NXP/S32DS_ARM_v2.0/S32DS/arm_ewl2/lib/armv7e-m/__arm_end.o
 .comment       0x00000000       0x71 C:/NXP/S32DS_ARM_v2.0/S32DS/arm_ewl2/lib/armv7e-m/__arm_end.o
 .debug_frame   0x00000000       0x20 C:/NXP/S32DS_ARM_v2.0/S32DS/arm_ewl2/lib/armv7e-m/__arm_end.o
 .ARM.attributes
                0x00000000       0x33 C:/NXP/S32DS_ARM_v2.0/S32DS/arm_ewl2/lib/armv7e-m/__arm_end.o

Memory Configuration

Name             Origin             Length             Attributes
m_interrupts     0x1fff8000         0x00000400         xr
m_text           0x1fff8400         0x00007c00         xr
m_data           0x20000000         0x00007000         rw
*default*        0x00000000         0xffffffff

Linker script and memory map

LOAD C:/NXP/S32DS_ARM_v2.0/S32DS/arm_ewl2/lib/armv7e-m/__arm_start.o
LOAD ./Src/Bsw/Services/SchM/SchM_Tasks.o
LOAD ./Src/Bsw/Services/SchM/SchM_Cfg.o
LOAD ./Src/Bsw/Services/SchM/SchM.o
LOAD ./Src/Bsw/Mcal/Wdog/Wdog.o
LOAD ./Src/Bsw/Mcal/Port/Port.o
LOAD ./Src/Bsw/Mcal/Nvic/Nvic.o
LOAD ./Src/Bsw/Mcal/Mcu/Mcu.o
LOAD ./Src/Bsw/Mcal/Lpit/Lpit.o
LOAD ./Src/Bsw/Mcal/Dio/Dio.o
LOAD ./Src/Asw/Entry/Main.o
LOAD ./Project_Settings/Startup_Code/system_S32K144.o
LOAD ./Project_Settings/Startup_Code/startup_S32K144.o
LOAD ./Project_Settings/Startup_Code/startup.o
START GROUP
LOAD C:/NXP/S32DS_ARM_v2.0/S32DS/arm_ewl2/lib/armv7e-m\libc99.a
LOAD C:/NXP/S32DS_ARM_v2.0/S32DS/arm_ewl2/lib/armv7e-m\libm.a
LOAD c:/nxp/s32ds_arm_v2.0/cross_tools/gcc-arm-none-eabi-4_9/bin/../lib/gcc/arm-none-eabi/4.9.3/armv7e-m\libgcc.a
LOAD C:/NXP/S32DS_ARM_v2.0/S32DS/arm_ewl2/lib/armv7e-m\librt.a
END GROUP
LOAD C:/NXP/S32DS_ARM_v2.0/S32DS/arm_ewl2/lib/armv7e-m/__arm_end.o
                0x00000400                HEAP_SIZE = DEFINED (__heap_size__)?__heap_size__:0x400
                0x00000400                STACK_SIZE = DEFINED (__stack_size__)?__stack_size__:0x400

.interrupts     0x1fff8000      0x400
                0x1fff8000                __VECTOR_TABLE = .
                0x1fff8000                . = ALIGN (0x4)
 *(.isr_vector)
 .isr_vector    0x1fff8000      0x400 ./Project_Settings/Startup_Code/startup_S32K144.o
                0x1fff8000                __isr_vector
                0x1fff8400                . = ALIGN (0x4)
                0x1fff8000                __VECTOR_RAM = __VECTOR_TABLE
                0x00000000                __RAM_VECTOR_TABLE_SIZE = 0x0

.text           0x1fff8400      0x6b0
                0x1fff8400                . = ALIGN (0x4)
 *(.text)
 .text          0x1fff8400       0x44 ./Project_Settings/Startup_Code/startup_S32K144.o
                0x1fff8400                Reset_Handler
                0x1fff8440                DebugMon_Handler
                0x1fff8440                Reserved88_IRQHandler
                0x1fff8440                CAN0_ORed_IRQHandler
                0x1fff8440                HardFault_Handler
                0x1fff8440                Reserved86_IRQHandler
                0x1fff8440                Reserved103_IRQHandler
                0x1fff8440                SysTick_Handler
                0x1fff8440                FTM2_Ovf_Reload_IRQHandler
                0x1fff8440                Reserved50_IRQHandler
                0x1fff8440                FTFC_Fault_IRQHandler
                0x1fff8440                FTM0_Ch6_Ch7_IRQHandler
                0x1fff8440                Reserved114_IRQHandler
                0x1fff8440                PendSV_Handler
                0x1fff8440                NMI_Handler
                0x1fff8440                Reserved89_IRQHandler
                0x1fff8440                ERM_double_fault_IRQHandler
                0x1fff8440                DMA2_IRQHandler
                0x1fff8440                Reserved59_IRQHandler
                0x1fff8440                Reserved99_IRQHandler
                0x1fff8440                FTM3_Ch6_Ch7_IRQHandler
                0x1fff8440                CAN2_ORed_0_15_MB_IRQHandler
                0x1fff8440                LPIT0_Ch3_IRQHandler
                0x1fff8440                Reserved92_IRQHandler
                0x1fff8440                FTM0_Ch4_Ch5_IRQHandler
                0x1fff8440                CAN1_Error_IRQHandler
                0x1fff8440                FTM3_Ch0_Ch1_IRQHandler
                0x1fff8440                SWI_IRQHandler
                0x1fff8440                ADC0_IRQHandler
                0x1fff8440                FTM2_Ch4_Ch5_IRQHandler
                0x1fff8440                UsageFault_Handler
                0x1fff8440                FTM0_Ovf_Reload_IRQHandler
                0x1fff8440                DefaultISR
                0x1fff8440                DMA9_IRQHandler
                0x1fff8440                Reserved58_IRQHandler
                0x1fff8440                CAN1_ORed_0_15_MB_IRQHandler
                0x1fff8440                FTM1_Ch2_Ch3_IRQHandler
                0x1fff8440                DMA14_IRQHandler
                0x1fff8440                Reserved82_IRQHandler
                0x1fff8440                CAN0_ORed_16_31_MB_IRQHandler
                0x1fff8440                LPI2C0_Slave_IRQHandler
                0x1fff8440                Reserved71_IRQHandler
                0x1fff8440                PORTD_IRQHandler
                0x1fff8440                Reserved69_IRQHandler
                0x1fff8440                PORTB_IRQHandler
                0x1fff8440                Reserved70_IRQHandler
                0x1fff8440                ADC1_IRQHandler
                0x1fff8440                FTM2_Ch2_Ch3_IRQHandler
                0x1fff8440                Reserved53_IRQHandler
                0x1fff8440                DMA5_IRQHandler
                0x1fff8440                RTC_IRQHandler
                0x1fff8440                PDB0_IRQHandler
                0x1fff8440                Reserved54_IRQHandler
                0x1fff8440                FTM2_Ch6_Ch7_IRQHandler
                0x1fff8440                FTM3_Ch2_Ch3_IRQHandler
                0x1fff8440                FTM2_Ch0_Ch1_IRQHandler
                0x1fff8440                LPSPI1_IRQHandler
                0x1fff8440                LPUART1_RxTx_IRQHandler
                0x1fff8440                RTC_Seconds_IRQHandler
                0x1fff8440                CAN2_ORed_IRQHandler
                0x1fff8440                Reserved72_IRQHandler
                0x1fff8440                Reserved110_IRQHandler
                0x1fff8440                DMA11_IRQHandler
                0x1fff8440                Reserved107_IRQHandler
                0x1fff8440                Read_Collision_IRQHandler
                0x1fff8440                CAN2_Error_IRQHandler
                0x1fff8440                FTFC_IRQHandler
                0x1fff8440                DMA7_IRQHandler
                0x1fff8440                FTM1_Ch6_Ch7_IRQHandler
                0x1fff8440                Reserved105_IRQHandler
                0x1fff8440                LPIT0_Ch1_IRQHandler
                0x1fff8440                FTM1_Ch4_Ch5_IRQHandler
                0x1fff8440                FTM3_Ovf_Reload_IRQHandler
                0x1fff8440                LPUART2_RxTx_IRQHandler
                0x1fff8440                LPSPI0_IRQHandler
                0x1fff8440                WDOG_EWM_IRQHandler
                0x1fff8440                MemManage_Handler
                0x1fff8440                Reserved90_IRQHandler
                0x1fff8440                Reserved83_IRQHandler
                0x1fff8440                FTM0_Fault_IRQHandler
                0x1fff8440                Reserved48_IRQHandler
                0x1fff8440                SVC_Handler
                0x1fff8440                ERM_single_fault_IRQHandler
                0x1fff8440                FTM2_Fault_IRQHandler
                0x1fff8440                FTM0_Ch2_Ch3_IRQHandler
                0x1fff8440                DMA13_IRQHandler
                0x1fff8440                FTM0_Ch0_Ch1_IRQHandler
                0x1fff8440                FTM3_Fault_IRQHandler
                0x1fff8440                RCM_IRQHandler
                0x1fff8440                DMA3_IRQHandler
                0x1fff8440                Reserved100_IRQHandler
                0x1fff8440                DMA0_IRQHandler
                0x1fff8440                Reserved91_IRQHandler
                0x1fff8440                CAN1_ORed_IRQHandler
                0x1fff8440                DMA15_IRQHandler
                0x1fff8440                SCG_IRQHandler
                0x1fff8440                PDB1_IRQHandler
                0x1fff8440                Reserved81_IRQHandler
                0x1fff8440                Reserved46_IRQHandler
                0x1fff8440                Reserved45_IRQHandler
                0x1fff8440                CAN0_Error_IRQHandler
                0x1fff8440                Reserved112_IRQHandler
                0x1fff8440                LPI2C0_Master_IRQHandler
                0x1fff8440                DMA4_IRQHandler
                0x1fff8440                FTM1_Fault_IRQHandler
                0x1fff8440                Reserved106_IRQHandler
                0x1fff8440                DMA_Error_IRQHandler
                0x1fff8440                LVD_LVW_IRQHandler
                0x1fff8440                LPIT0_Ch2_IRQHandler
                0x1fff8440                PORTA_IRQHandler
                0x1fff8440                MCM_IRQHandler
                0x1fff8440                LPSPI2_IRQHandler
                0x1fff8440                DMA12_IRQHandler
                0x1fff8440                FTM3_Ch4_Ch5_IRQHandler
                0x1fff8440                CAN0_ORed_0_15_MB_IRQHandler
                0x1fff8440                PORTE_IRQHandler
                0x1fff8440                LPUART0_RxTx_IRQHandler
                0x1fff8440                LPTMR0_IRQHandler
                0x1fff8440                BusFault_Handler
                0x1fff8440                Reserved87_IRQHandler
                0x1fff8440                FTM1_Ovf_Reload_IRQHandler
                0x1fff8440                DMA8_IRQHandler
                0x1fff8440                Reserved93_IRQHandler
                0x1fff8440                DMA10_IRQHandler
                0x1fff8440                CAN0_Wake_Up_IRQHandler
                0x1fff8440                CMP0_IRQHandler
                0x1fff8440                Reserved52_IRQHandler
                0x1fff8440                PORTC_IRQHandler
                0x1fff8440                DMA6_IRQHandler
                0x1fff8440                FTM1_Ch0_Ch1_IRQHandler
                0x1fff8440                FLEXIO_IRQHandler
                0x1fff8440                DMA1_IRQHandler
                0x1fff8440                Reserved113_IRQHandler
 *(.text*)
 .text.SchM_3p125ms_Task
                0x1fff8444       0x28 ./Src/Bsw/Services/SchM/SchM_Tasks.o
                0x1fff8444                SchM_3p125ms_Task
 .text.SchM_OsTick
                0x1fff846c       0x98 ./Src/Bsw/Services/SchM/SchM.o
                0x1fff846c                SchM_OsTick
 .text.SchM_Background
                0x1fff8504       0x78 ./Src/Bsw/Services/SchM/SchM.o
                0x1fff8504                SchM_Background
 .text.SchM_Init
                0x1fff857c       0x58 ./Src/Bsw/Services/SchM/SchM.o
                0x1fff857c                SchM_Init
 .text.SchM_Start
                0x1fff85d4       0x10 ./Src/Bsw/Services/SchM/SchM.o
                0x1fff85d4                SchM_Start
 .text.TurnOnOverloadPin
                0x1fff85e4       0x10 ./Src/Bsw/Services/SchM/SchM.o
                0x1fff85e4                TurnOnOverloadPin
 .text.TurnOnBackgroundPin
                0x1fff85f4       0x10 ./Src/Bsw/Services/SchM/SchM.o
                0x1fff85f4                TurnOnBackgroundPin
 .text.TurnOffBackgroundPin
                0x1fff8604       0x10 ./Src/Bsw/Services/SchM/SchM.o
                0x1fff8604                TurnOffBackgroundPin
 .text.WDOG_disable
                0x1fff8614       0x2c ./Src/Bsw/Mcal/Wdog/Wdog.o
                0x1fff8614                WDOG_disable
 .text.PORT_init
                0x1fff8640      0x100 ./Src/Bsw/Mcal/Port/Port.o
                0x1fff8640                PORT_init
 .text.NVIC_init_IRQs
                0x1fff8740       0x2c ./Src/Bsw/Mcal/Nvic/Nvic.o
                0x1fff8740                NVIC_init_IRQs
 .text.SOSC_init_8MHz
                0x1fff876c       0x4c ./Src/Bsw/Mcal/Mcu/Mcu.o
                0x1fff876c                SOSC_init_8MHz
 .text.SPLL_init_160MHz
                0x1fff87b8       0x64 ./Src/Bsw/Mcal/Mcu/Mcu.o
                0x1fff87b8                SPLL_init_160MHz
 .text.NormalRUNmode_80MHz
                0x1fff881c       0x2c ./Src/Bsw/Mcal/Mcu/Mcu.o
                0x1fff881c                NormalRUNmode_80MHz
 .text.LPIT0_init
                0x1fff8848       0x54 ./Src/Bsw/Mcal/Lpit/Lpit.o
                0x1fff8848                LPIT0_init
 .text.LPIT0_Start
                0x1fff889c       0x1c ./Src/Bsw/Mcal/Lpit/Lpit.o
                0x1fff889c                LPIT0_Start
 .text.LPIT0_Ch0_IRQHandler
                0x1fff88b8       0x28 ./Src/Bsw/Mcal/Lpit/Lpit.o
                0x1fff88b8                LPIT0_Ch0_IRQHandler
 .text.Dio_PortSetPin
                0x1fff88e0       0x38 ./Src/Bsw/Mcal/Dio/Dio.o
                0x1fff88e0                Dio_PortSetPin
 .text.Dio_PortClearPin
                0x1fff8918       0x38 ./Src/Bsw/Mcal/Dio/Dio.o
                0x1fff8918                Dio_PortClearPin
 .text.main     0x1fff8950       0x2c ./Src/Asw/Entry/Main.o
                0x1fff8950                main
 .text.SystemInit
                0x1fff897c       0x30 ./Project_Settings/Startup_Code/system_S32K144.o
                0x1fff897c                SystemInit
 .text.init_data_bss
                0x1fff89ac       0xf4 ./Project_Settings/Startup_Code/startup.o
                0x1fff89ac                init_data_bss
 *(.rodata)
 *(.rodata*)
 .rodata.SchedulerConfig
                0x1fff8aa0        0x8 ./Src/Bsw/Services/SchM/SchM_Cfg.o
                0x1fff8aa0                SchedulerConfig
 .rodata.TaskDescriptor
                0x1fff8aa8        0x8 ./Src/Bsw/Services/SchM/SchM_Cfg.o
                0x1fff8aa8                TaskDescriptor
 *(.glue_7)
 .glue_7        0x00000000        0x0 linker stubs
 *(.glue_7t)
 .glue_7t       0x00000000        0x0 linker stubs
 *(.eh_frame)
 *(.init)
 *(.fini)
                0x1fff8ab0                . = ALIGN (0x4)

.vfp11_veneer   0x1fff8ab0        0x0
 .vfp11_veneer  0x00000000        0x0 linker stubs

.v4_bx          0x1fff8ab0        0x0
 .v4_bx         0x00000000        0x0 linker stubs

.iplt           0x1fff8ab0        0x0
 .iplt          0x00000000        0x0 C:/NXP/S32DS_ARM_v2.0/S32DS/arm_ewl2/lib/armv7e-m/__arm_start.o

.rel.dyn        0x1fff8ab0        0x0
 .rel.iplt      0x00000000        0x0 C:/NXP/S32DS_ARM_v2.0/S32DS/arm_ewl2/lib/armv7e-m/__arm_start.o

.code_ram       0x1fff8ab0        0x0
                0x1fff8ab0                . = ALIGN (0x4)
                0x1fff8ab0                __CODE_RAM = .
 *(.code_ram)
                0x1fff8ab0                __CODE_ROM = .
                0x1fff8ab0                __CODE_END = .
                0x1fff8ab0                . = ALIGN (0x4)

.ARM.extab
 *(.ARM.extab* .gnu.linkonce.armextab.*)

.ARM            0x1fff8ab0        0x0
                0x1fff8ab0                __exidx_start = .
 *(.ARM.exidx*)
                0x1fff8ab0                __exidx_end = .

.ctors          0x1fff8ab0        0x0
                0x1fff8ab0                __CTOR_LIST__ = .
 *crtbegin.o(.ctors)
 *crtbegin?.o(.ctors)
 *(EXCLUDE_FILE(*crtend.o *crtend?.o) .ctors)
 *(SORT(.ctors.*))
 *(.ctors)
                0x1fff8ab0                __CTOR_END__ = .

.dtors          0x1fff8ab0        0x0
                0x1fff8ab0                __DTOR_LIST__ = .
 *crtbegin.o(.dtors)
 *crtbegin?.o(.dtors)
 *(EXCLUDE_FILE(*crtend.o *crtend?.o) .dtors)
 *(SORT(.dtors.*))
 *(.dtors)
                0x1fff8ab0                __DTOR_END__ = .

.preinit_array  0x1fff8ab0        0x0
                0x1fff8ab0                PROVIDE (__preinit_array_start, .)
 *(.preinit_array*)
                0x1fff8ab0                PROVIDE (__preinit_array_end, .)

.init_array     0x1fff8ab0        0x0
                0x1fff8ab0                PROVIDE (__init_array_start, .)
 *(SORT(.init_array.*))
 *(.init_array*)
                0x1fff8ab0                PROVIDE (__init_array_end, .)

.fini_array     0x1fff8ab0        0x0
                0x1fff8ab0                PROVIDE (__fini_array_start, .)
 *(SORT(.fini_array.*))
 *(.fini_array*)
                0x1fff8ab0                PROVIDE (__fini_array_end, .)
                0x1fff8ab0                __etext = .
                0x1fff8ab0                __DATA_ROM = .
                0x1fff8ab0                __DATA_END = __DATA_ROM

.customSectionBlock
 *(.customSection)

.data           0x20000000       0x14
                0x20000000                . = ALIGN (0x4)
                0x20000000                __DATA_RAM = .
                0x20000000                __data_start__ = .
 *(.data)
 *(.data*)
 .data.Port     0x20000000       0x14 ./Src/Bsw/Mcal/Dio/Dio.o
                0x20000000                Port
 *(.jcr*)
                0x20000014                . = ALIGN (0x4)
                0x20000014                __data_end__ = .

.igot.plt       0x20000014        0x0
 .igot.plt      0x00000000        0x0 C:/NXP/S32DS_ARM_v2.0/S32DS/arm_ewl2/lib/armv7e-m/__arm_start.o

.bss            0x20000014       0x1c
                0x20000014                . = ALIGN (0x4)
                0x20000014                __BSS_START = .
                0x20000014                __bss_start__ = .
 *(.bss)
 *(.bss*)
 .bss.counter.4153
                0x20000014        0x4 ./Src/Bsw/Services/SchM/SchM_Tasks.o
 .bss.FlagsScheduler
                0x20000018        0x1 ./Src/Bsw/Services/SchM/SchM.o
                0x20000018                FlagsScheduler
 *(COMMON)
 *fill*         0x20000019        0x3 
 COMMON         0x2000001c       0x10 ./Src/Bsw/Services/SchM/SchM.o
                0x2000001c                GlbSchMConfig
                0x20000020                SchM_TaskControlBlock
                0x20000028                SchM_SchedulerStatus
 COMMON         0x2000002c        0x4 ./Src/Bsw/Mcal/Lpit/Lpit.o
                0x2000002c                GlbPit0Callback
                0x20000030                . = ALIGN (0x4)
                0x20000030                __bss_end__ = .
                0x20000030                __BSS_END = .

.heap           0x20000030      0x400
                0x20000030                . = ALIGN (0x8)
                0x20000030                __end__ = .
                0x20000030                PROVIDE (end, .)
                0x20000030                PROVIDE (_end, .)
                0x20000030                PROVIDE (__end, .)
                0x20000030                __HeapBase = .
                0x20000430                . = (. + HEAP_SIZE)
 *fill*         0x20000030      0x400 
                0x20000430                __HeapLimit = .
                0x20000430                __heap_limit = .

.stack          0x20000430      0x400
                0x20000430                . = ALIGN (0x8)
                0x20000830                . = (. + STACK_SIZE)
 *fill*         0x20000430      0x400 
                0x20007000                __StackTop = (ORIGIN (m_data) + 0x7000)
                0x20006c00                __StackLimit = (__StackTop - STACK_SIZE)
                0x20007000                PROVIDE (__stack, __StackTop)

.ARM.attributes
                0x00000000       0x31
 *(.ARM.attributes)
 .ARM.attributes
                0x00000000       0x33 ./Src/Bsw/Services/SchM/SchM_Tasks.o
 .ARM.attributes
                0x00000033       0x33 ./Src/Bsw/Services/SchM/SchM_Cfg.o
 .ARM.attributes
                0x00000066       0x33 ./Src/Bsw/Services/SchM/SchM.o
 .ARM.attributes
                0x00000099       0x33 ./Src/Bsw/Mcal/Wdog/Wdog.o
 .ARM.attributes
                0x000000cc       0x33 ./Src/Bsw/Mcal/Port/Port.o
 .ARM.attributes
                0x000000ff       0x33 ./Src/Bsw/Mcal/Nvic/Nvic.o
 .ARM.attributes
                0x00000132       0x33 ./Src/Bsw/Mcal/Mcu/Mcu.o
 .ARM.attributes
                0x00000165       0x33 ./Src/Bsw/Mcal/Lpit/Lpit.o
 .ARM.attributes
                0x00000198       0x33 ./Src/Bsw/Mcal/Dio/Dio.o
 .ARM.attributes
                0x000001cb       0x33 ./Src/Asw/Entry/Main.o
 .ARM.attributes
                0x000001fe       0x33 ./Project_Settings/Startup_Code/system_S32K144.o
 .ARM.attributes
                0x00000231       0x1b ./Project_Settings/Startup_Code/startup_S32K144.o
 .ARM.attributes
                0x0000024c       0x33 ./Project_Settings/Startup_Code/startup.o
                0x00000001                ASSERT ((__StackLimit >= __HeapLimit), region m_data overflowed with stack and heap)

/DISCARD/
 *(.FlashConfig)
OUTPUT(Scheduler.elf elf32-littlearm)

.debug_info     0x00000000     0x1e91
 .debug_info    0x00000000      0x188 ./Src/Bsw/Services/SchM/SchM_Tasks.o
 .debug_info    0x00000188      0x1f7 ./Src/Bsw/Services/SchM/SchM_Cfg.o
 .debug_info    0x0000037f      0x421 ./Src/Bsw/Services/SchM/SchM.o
 .debug_info    0x000007a0       0xe1 ./Src/Bsw/Mcal/Wdog/Wdog.o
 .debug_info    0x00000881      0x212 ./Src/Bsw/Mcal/Port/Port.o
 .debug_info    0x00000a93      0x1da ./Src/Bsw/Mcal/Nvic/Nvic.o
 .debug_info    0x00000c6d      0x269 ./Src/Bsw/Mcal/Mcu/Mcu.o
 .debug_info    0x00000ed6      0x233 ./Src/Bsw/Mcal/Lpit/Lpit.o
 .debug_info    0x00001109      0x222 ./Src/Bsw/Mcal/Dio/Dio.o
 .debug_info    0x0000132b      0x1e7 ./Src/Asw/Entry/Main.o
 .debug_info    0x00001512      0x500 ./Project_Settings/Startup_Code/system_S32K144.o
 .debug_info    0x00001a12       0x94 ./Project_Settings/Startup_Code/startup_S32K144.o
 .debug_info    0x00001aa6      0x3eb ./Project_Settings/Startup_Code/startup.o

.debug_abbrev   0x00000000      0xa04
 .debug_abbrev  0x00000000       0x91 ./Src/Bsw/Services/SchM/SchM_Tasks.o
 .debug_abbrev  0x00000091       0xa9 ./Src/Bsw/Services/SchM/SchM_Cfg.o
 .debug_abbrev  0x0000013a      0x112 ./Src/Bsw/Services/SchM/SchM.o
 .debug_abbrev  0x0000024c       0x91 ./Src/Bsw/Mcal/Wdog/Wdog.o
 .debug_abbrev  0x000002dd       0xb7 ./Src/Bsw/Mcal/Port/Port.o
 .debug_abbrev  0x00000394       0xbb ./Src/Bsw/Mcal/Nvic/Nvic.o
 .debug_abbrev  0x0000044f       0xc2 ./Src/Bsw/Mcal/Mcu/Mcu.o
 .debug_abbrev  0x00000511      0x119 ./Src/Bsw/Mcal/Lpit/Lpit.o
 .debug_abbrev  0x0000062a       0xf8 ./Src/Bsw/Mcal/Dio/Dio.o
 .debug_abbrev  0x00000722       0xb5 ./Src/Asw/Entry/Main.o
 .debug_abbrev  0x000007d7      0x118 ./Project_Settings/Startup_Code/system_S32K144.o
 .debug_abbrev  0x000008ef       0x14 ./Project_Settings/Startup_Code/startup_S32K144.o
 .debug_abbrev  0x00000903      0x101 ./Project_Settings/Startup_Code/startup.o

.debug_aranges  0x00000000      0x248
 .debug_aranges
                0x00000000       0x48 ./Src/Bsw/Services/SchM/SchM_Tasks.o
 .debug_aranges
                0x00000048       0x18 ./Src/Bsw/Services/SchM/SchM_Cfg.o
 .debug_aranges
                0x00000060       0x58 ./Src/Bsw/Services/SchM/SchM.o
 .debug_aranges
                0x000000b8       0x20 ./Src/Bsw/Mcal/Wdog/Wdog.o
 .debug_aranges
                0x000000d8       0x20 ./Src/Bsw/Mcal/Port/Port.o
 .debug_aranges
                0x000000f8       0x20 ./Src/Bsw/Mcal/Nvic/Nvic.o
 .debug_aranges
                0x00000118       0x30 ./Src/Bsw/Mcal/Mcu/Mcu.o
 .debug_aranges
                0x00000148       0x38 ./Src/Bsw/Mcal/Lpit/Lpit.o
 .debug_aranges
                0x00000180       0x38 ./Src/Bsw/Mcal/Dio/Dio.o
 .debug_aranges
                0x000001b8       0x20 ./Src/Asw/Entry/Main.o
 .debug_aranges
                0x000001d8       0x30 ./Project_Settings/Startup_Code/system_S32K144.o
 .debug_aranges
                0x00000208       0x20 ./Project_Settings/Startup_Code/startup_S32K144.o
 .debug_aranges
                0x00000228       0x20 ./Project_Settings/Startup_Code/startup.o

.debug_ranges   0x00000000      0x160
 .debug_ranges  0x00000000       0x38 ./Src/Bsw/Services/SchM/SchM_Tasks.o
 .debug_ranges  0x00000038       0x48 ./Src/Bsw/Services/SchM/SchM.o
 .debug_ranges  0x00000080       0x10 ./Src/Bsw/Mcal/Wdog/Wdog.o
 .debug_ranges  0x00000090       0x10 ./Src/Bsw/Mcal/Port/Port.o
 .debug_ranges  0x000000a0       0x10 ./Src/Bsw/Mcal/Nvic/Nvic.o
 .debug_ranges  0x000000b0       0x20 ./Src/Bsw/Mcal/Mcu/Mcu.o
 .debug_ranges  0x000000d0       0x28 ./Src/Bsw/Mcal/Lpit/Lpit.o
 .debug_ranges  0x000000f8       0x28 ./Src/Bsw/Mcal/Dio/Dio.o
 .debug_ranges  0x00000120       0x10 ./Src/Asw/Entry/Main.o
 .debug_ranges  0x00000130       0x20 ./Project_Settings/Startup_Code/system_S32K144.o
 .debug_ranges  0x00000150       0x10 ./Project_Settings/Startup_Code/startup.o

.debug_macro    0x00000000    0x10404
 .debug_macro   0x00000000       0xc0 ./Src/Bsw/Services/SchM/SchM_Tasks.o
 .debug_macro   0x000000c0      0x868 ./Src/Bsw/Services/SchM/SchM_Tasks.o
 .debug_macro   0x00000928       0x52 ./Src/Bsw/Services/SchM/SchM_Tasks.o
 .debug_macro   0x0000097a       0xa0 ./Src/Bsw/Services/SchM/SchM_Tasks.o
 .debug_macro   0x00000a1a       0x16 ./Src/Bsw/Services/SchM/SchM_Tasks.o
 .debug_macro   0x00000a30       0x64 ./Src/Bsw/Services/SchM/SchM_Tasks.o
 .debug_macro   0x00000a94      0x185 ./Src/Bsw/Services/SchM/SchM_Tasks.o
 .debug_macro   0x00000c19      0x140 ./Src/Bsw/Services/SchM/SchM_Tasks.o
 .debug_macro   0x00000d59       0x9d ./Src/Bsw/Services/SchM/SchM_Tasks.o
 .debug_macro   0x00000df6       0x10 ./Src/Bsw/Services/SchM/SchM_Tasks.o
 .debug_macro   0x00000e06      0x15b ./Src/Bsw/Services/SchM/SchM_Tasks.o
 .debug_macro   0x00000f61       0x28 ./Src/Bsw/Services/SchM/SchM_Tasks.o
 .debug_macro   0x00000f89       0x58 ./Src/Bsw/Services/SchM/SchM_Tasks.o
 .debug_macro   0x00000fe1       0x3a ./Src/Bsw/Services/SchM/SchM_Tasks.o
 .debug_macro   0x0000101b       0xcd ./Src/Bsw/Services/SchM/SchM_Cfg.o
 .debug_macro   0x000010e8       0x3a ./Src/Bsw/Services/SchM/SchM_Cfg.o
 .debug_macro   0x00001122       0x40 ./Src/Bsw/Services/SchM/SchM_Cfg.o
 .debug_macro   0x00001162       0xf0 ./Src/Bsw/Services/SchM/SchM.o
 .debug_macro   0x00001252       0x19 ./Src/Bsw/Services/SchM/SchM.o
 .debug_macro   0x0000126b     0xdf8d ./Src/Bsw/Services/SchM/SchM.o
 .debug_macro   0x0000f1f8       0x10 ./Src/Bsw/Services/SchM/SchM.o
 .debug_macro   0x0000f208       0xc3 ./Src/Bsw/Mcal/Wdog/Wdog.o
 .debug_macro   0x0000f2cb       0xc8 ./Src/Bsw/Mcal/Port/Port.o
 .debug_macro   0x0000f393       0x34 ./Src/Bsw/Mcal/Port/Port.o
 .debug_macro   0x0000f3c7       0xc3 ./Src/Bsw/Mcal/Nvic/Nvic.o
 .debug_macro   0x0000f48a       0xc3 ./Src/Bsw/Mcal/Mcu/Mcu.o
 .debug_macro   0x0000f54d       0xc3 ./Src/Bsw/Mcal/Lpit/Lpit.o
 .debug_macro   0x0000f610       0xc3 ./Src/Bsw/Mcal/Dio/Dio.o
 .debug_macro   0x0000f6d3       0xeb ./Src/Asw/Entry/Main.o
 .debug_macro   0x0000f7be       0x3a ./Src/Asw/Entry/Main.o
 .debug_macro   0x0000f7f8       0xe9 ./Project_Settings/Startup_Code/system_S32K144.o
 .debug_macro   0x0000f8e1       0x10 ./Project_Settings/Startup_Code/system_S32K144.o
 .debug_macro   0x0000f8f1       0x6d ./Project_Settings/Startup_Code/system_S32K144.o
 .debug_macro   0x0000f95e      0x978 ./Project_Settings/Startup_Code/system_S32K144.o
 .debug_macro   0x000102d6       0x22 ./Project_Settings/Startup_Code/system_S32K144.o
 .debug_macro   0x000102f8       0x22 ./Project_Settings/Startup_Code/system_S32K144.o
 .debug_macro   0x0001031a       0xea ./Project_Settings/Startup_Code/startup.o

.debug_line     0x00000000     0x1eff
 .debug_line    0x00000000      0x2cc ./Src/Bsw/Services/SchM/SchM_Tasks.o
 .debug_line    0x000002cc      0x1fa ./Src/Bsw/Services/SchM/SchM_Cfg.o
 .debug_line    0x000004c6      0x39f ./Src/Bsw/Services/SchM/SchM.o
 .debug_line    0x00000865      0x228 ./Src/Bsw/Mcal/Wdog/Wdog.o
 .debug_line    0x00000a8d      0x23b ./Src/Bsw/Mcal/Port/Port.o
 .debug_line    0x00000cc8      0x228 ./Src/Bsw/Mcal/Nvic/Nvic.o
 .debug_line    0x00000ef0      0x27a ./Src/Bsw/Mcal/Mcu/Mcu.o
 .debug_line    0x0000116a      0x260 ./Src/Bsw/Mcal/Lpit/Lpit.o
 .debug_line    0x000013ca      0x256 ./Src/Bsw/Mcal/Dio/Dio.o
 .debug_line    0x00001620      0x369 ./Src/Asw/Entry/Main.o
 .debug_line    0x00001989      0x297 ./Project_Settings/Startup_Code/system_S32K144.o
 .debug_line    0x00001c20       0x83 ./Project_Settings/Startup_Code/startup_S32K144.o
 .debug_line    0x00001ca3      0x25c ./Project_Settings/Startup_Code/startup.o

.debug_str      0x00000000    0x62ef6
 .debug_str     0x00000000     0x40d5 ./Src/Bsw/Services/SchM/SchM_Tasks.o
                               0x4159 (size before relaxing)
 .debug_str     0x000040d5      0x2a7 ./Src/Bsw/Services/SchM/SchM_Cfg.o
                               0x4325 (size before relaxing)
 .debug_str     0x0000437c    0x59eca ./Src/Bsw/Services/SchM/SchM.o
                              0x5e1e2 (size before relaxing)
 .debug_str     0x0005e246       0x50 ./Src/Bsw/Mcal/Wdog/Wdog.o
                              0x5dcbf (size before relaxing)
 .debug_str     0x0005e296       0xc0 ./Src/Bsw/Mcal/Port/Port.o
                              0x5dd98 (size before relaxing)
 .debug_str     0x0005e356       0x9a ./Src/Bsw/Mcal/Nvic/Nvic.o
                              0x5dd27 (size before relaxing)
 .debug_str     0x0005e3f0       0xf2 ./Src/Bsw/Mcal/Mcu/Mcu.o
                              0x5dda0 (size before relaxing)
 .debug_str     0x0005e4e2       0x90 ./Src/Bsw/Mcal/Lpit/Lpit.o
                              0x5dd62 (size before relaxing)
 .debug_str     0x0005e572       0x76 ./Src/Bsw/Mcal/Dio/Dio.o
                              0x5dd59 (size before relaxing)
 .debug_str     0x0005e5e8       0x1d ./Src/Asw/Entry/Main.o
                               0x4324 (size before relaxing)
 .debug_str     0x0005e605     0x47d1 ./Project_Settings/Startup_Code/system_S32K144.o
                              0x624eb (size before relaxing)
 .debug_str     0x00062dd6      0x120 ./Project_Settings/Startup_Code/startup.o
                              0x62422 (size before relaxing)

.comment        0x00000000       0x70
 .comment       0x00000000       0x70 ./Src/Bsw/Services/SchM/SchM_Tasks.o
                                 0x71 (size before relaxing)
 .comment       0x00000000       0x71 ./Src/Bsw/Services/SchM/SchM_Cfg.o
 .comment       0x00000000       0x71 ./Src/Bsw/Services/SchM/SchM.o
 .comment       0x00000000       0x71 ./Src/Bsw/Mcal/Wdog/Wdog.o
 .comment       0x00000000       0x71 ./Src/Bsw/Mcal/Port/Port.o
 .comment       0x00000000       0x71 ./Src/Bsw/Mcal/Nvic/Nvic.o
 .comment       0x00000000       0x71 ./Src/Bsw/Mcal/Mcu/Mcu.o
 .comment       0x00000000       0x71 ./Src/Bsw/Mcal/Lpit/Lpit.o
 .comment       0x00000000       0x71 ./Src/Bsw/Mcal/Dio/Dio.o
 .comment       0x00000000       0x71 ./Src/Asw/Entry/Main.o
 .comment       0x00000000       0x71 ./Project_Settings/Startup_Code/system_S32K144.o
 .comment       0x00000000       0x71 ./Project_Settings/Startup_Code/startup.o

.debug_frame    0x00000000      0x4e4
 .debug_frame   0x00000000       0xb8 ./Src/Bsw/Services/SchM/SchM_Tasks.o
 .debug_frame   0x000000b8      0x104 ./Src/Bsw/Services/SchM/SchM.o
 .debug_frame   0x000001bc       0x30 ./Src/Bsw/Mcal/Wdog/Wdog.o
 .debug_frame   0x000001ec       0x30 ./Src/Bsw/Mcal/Port/Port.o
 .debug_frame   0x0000021c       0x30 ./Src/Bsw/Mcal/Nvic/Nvic.o
 .debug_frame   0x0000024c       0x70 ./Src/Bsw/Mcal/Mcu/Mcu.o
 .debug_frame   0x000002bc       0x94 ./Src/Bsw/Mcal/Lpit/Lpit.o
 .debug_frame   0x00000350       0xb0 ./Src/Bsw/Mcal/Dio/Dio.o
 .debug_frame   0x00000400       0x2c ./Src/Asw/Entry/Main.o
 .debug_frame   0x0000042c       0x80 ./Project_Settings/Startup_Code/system_S32K144.o
 .debug_frame   0x000004ac       0x38 ./Project_Settings/Startup_Code/startup.o
